Component: ARM Compiler 5.06 update 6 (build 750) Tool: armlink [4d35ed]

==============================================================================

Section Cross References

    startup_stm32f103xe.o(STACK) refers (Special) to heapauxi.o(.text) for __use_two_region_memory
    startup_stm32f103xe.o(HEAP) refers (Special) to heapauxi.o(.text) for __use_two_region_memory
    startup_stm32f103xe.o(RESET) refers (Special) to heapauxi.o(.text) for __use_two_region_memory
    startup_stm32f103xe.o(RESET) refers to startup_stm32f103xe.o(STACK) for __initial_sp
    startup_stm32f103xe.o(RESET) refers to startup_stm32f103xe.o(.text) for Reset_Handler
    startup_stm32f103xe.o(RESET) refers to stm32f1xx_it.o(i.NMI_Handler) for NMI_Handler
    startup_stm32f103xe.o(RESET) refers to stm32f1xx_it.o(i.HardFault_Handler) for HardFault_Handler
    startup_stm32f103xe.o(RESET) refers to stm32f1xx_it.o(i.MemManage_Handler) for MemManage_Handler
    startup_stm32f103xe.o(RESET) refers to stm32f1xx_it.o(i.BusFault_Handler) for BusFault_Handler
    startup_stm32f103xe.o(RESET) refers to stm32f1xx_it.o(i.UsageFault_Handler) for UsageFault_Handler
    startup_stm32f103xe.o(RESET) refers to stm32f1xx_it.o(i.SVC_Handler) for SVC_Handler
    startup_stm32f103xe.o(RESET) refers to stm32f1xx_it.o(i.DebugMon_Handler) for DebugMon_Handler
    startup_stm32f103xe.o(RESET) refers to stm32f1xx_it.o(i.PendSV_Handler) for PendSV_Handler
    startup_stm32f103xe.o(RESET) refers to stm32f1xx_it.o(i.SysTick_Handler) for SysTick_Handler
    startup_stm32f103xe.o(RESET) refers to stm32f1xx_it.o(i.USART1_IRQHandler) for USART1_IRQHandler
    startup_stm32f103xe.o(.text) refers (Special) to heapauxi.o(.text) for __use_two_region_memory
    startup_stm32f103xe.o(.text) refers to system_stm32f1xx.o(i.SystemInit) for SystemInit
    startup_stm32f103xe.o(.text) refers to __main.o(!!!main) for __main
    startup_stm32f103xe.o(.text) refers to startup_stm32f103xe.o(HEAP) for Heap_Mem
    startup_stm32f103xe.o(.text) refers to startup_stm32f103xe.o(STACK) for Stack_Mem
    main.o(i.KeyDebounce) refers to stm32f1xx_hal_gpio.o(i.HAL_GPIO_ReadPin) for HAL_GPIO_ReadPin
    main.o(i.KeyDebounce) refers to stm32f1xx_hal.o(i.HAL_Delay) for HAL_Delay
    main.o(i.KeyScanFallEdge) refers to main.o(i.KeyStateScan) for KeyStateScan
    main.o(i.KeyScanFallEdge) refers to main.o(.data) for .data
    main.o(i.KeyStateScan) refers to main.o(i.KeyDebounce) for KeyDebounce
    main.o(i.SystemClock_Config) refers to rt_memclr_w.o(.text) for __aeabi_memclr4
    main.o(i.SystemClock_Config) refers to stm32f1xx_hal_rcc.o(i.HAL_RCC_OscConfig) for HAL_RCC_OscConfig
    main.o(i.SystemClock_Config) refers to stm32f1xx_hal_rcc.o(i.HAL_RCC_ClockConfig) for HAL_RCC_ClockConfig
    main.o(i.SystemClock_Config) refers to stm32f1xx_hal_rcc.o(i.HAL_RCC_EnableCSS) for HAL_RCC_EnableCSS
    main.o(i.main) refers to _printf_percent.o(.ARM.Collect$$_printf_percent$$00000000) for _printf_percent
    main.o(i.main) refers to _printf_d.o(.ARM.Collect$$_printf_percent$$00000009) for _printf_d
    main.o(i.main) refers to _printf_dec.o(.text) for _printf_int_dec
    main.o(i.main) refers to stm32f1xx_hal.o(i.HAL_Init) for HAL_Init
    main.o(i.main) refers to main.o(i.SystemClock_Config) for SystemClock_Config
    main.o(i.main) refers to gpio.o(i.MX_GPIO_Init) for MX_GPIO_Init
    main.o(i.main) refers to usart.o(i.MX_USART1_UART_Init) for MX_USART1_UART_Init
    main.o(i.main) refers to printf.o(i.printf_) for printf_
    main.o(i.main) refers to main.o(i.KeyScanFallEdge) for KeyScanFallEdge
    main.o(i.main) refers to noretval__2printf.o(.text) for __2printf
    gpio.o(i.MX_GPIO_Init) refers to stm32f1xx_hal_gpio.o(i.HAL_GPIO_Init) for HAL_GPIO_Init
    usart.o(i.HAL_UART_MspDeInit) refers to stm32f1xx_hal_gpio.o(i.HAL_GPIO_DeInit) for HAL_GPIO_DeInit
    usart.o(i.HAL_UART_MspDeInit) refers to stm32f1xx_hal_cortex.o(i.HAL_NVIC_DisableIRQ) for HAL_NVIC_DisableIRQ
    usart.o(i.HAL_UART_MspInit) refers to stm32f1xx_hal_gpio.o(i.HAL_GPIO_Init) for HAL_GPIO_Init
    usart.o(i.HAL_UART_MspInit) refers to stm32f1xx_hal_cortex.o(i.HAL_NVIC_SetPriority) for HAL_NVIC_SetPriority
    usart.o(i.HAL_UART_MspInit) refers to stm32f1xx_hal_cortex.o(i.HAL_NVIC_EnableIRQ) for HAL_NVIC_EnableIRQ
    usart.o(i.MX_USART1_UART_Init) refers to stm32f1xx_hal_uart.o(i.HAL_UART_Init) for HAL_UART_Init
    usart.o(i.MX_USART1_UART_Init) refers to main.o(i.Error_Handler) for Error_Handler
    usart.o(i.MX_USART1_UART_Init) refers to usart.o(.bss) for .bss
    usart.o(i._putchar) refers to stm32f1xx_hal_uart.o(i.HAL_UART_Transmit) for HAL_UART_Transmit
    usart.o(i._putchar) refers to usart.o(.bss) for .bss
    stm32f1xx_it.o(i.NMI_Handler) refers to stm32f1xx_hal_rcc.o(i.HAL_RCC_NMI_IRQHandler) for HAL_RCC_NMI_IRQHandler
    stm32f1xx_it.o(i.SysTick_Handler) refers to stm32f1xx_hal.o(i.HAL_IncTick) for HAL_IncTick
[...]
    ..\Core\Src\main.c                       0x00000000   Number         0  main.o ABSOLUTE
    ..\Core\Src\stm32f1xx_hal_msp.c          0x00000000   Number         0  stm32f1xx_hal_msp.o ABSOLUTE
    ..\Core\Src\stm32f1xx_it.c               0x00000000   Number         0  stm32f1xx_it.o ABSOLUTE
    ..\Core\Src\system_stm32f1xx.c           0x00000000   Number         0  system_stm32f1xx.o ABSOLUTE
    ..\Core\Src\usart.c                      0x00000000   Number         0  usart.o ABSOLUTE
    ..\Drivers\STM32F1xx_HAL_Driver\Src\stm32f1xx_hal.c 0x00000000   Number         0  stm32f1xx_hal.o ABSOLUTE
    ..\Drivers\STM32F1xx_HAL_Driver\Src\stm32f1xx_hal_cortex.c 0x00000000   Number         0  stm32f1xx_hal_cortex.o ABSOLUTE
    ..\Drivers\STM32F1xx_HAL_Driver\Src\stm32f1xx_hal_dma.c 0x00000000   Number         0  stm32f1xx_hal_dma.o ABSOLUTE
    ..\Drivers\STM32F1xx_HAL_Driver\Src\stm32f1xx_hal_exti.c 0x00000000   Number         0  stm32f1xx_hal_exti.o ABSOLUTE
    ..\Drivers\STM32F1xx_HAL_Driver\Src\stm32f1xx_hal_flash.c 0x00000000   Number         0  stm32f1xx_hal_flash.o ABSOLUTE
    ..\Drivers\STM32F1xx_HAL_Driver\Src\stm32f1xx_hal_flash_ex.c 0x00000000   Number         0  stm32f1xx_hal_flash_ex.o ABSOLUTE
    ..\Drivers\STM32F1xx_HAL_Driver\Src\stm32f1xx_hal_gpio.c 0x00000000   Number         0  stm32f1xx_hal_gpio.o ABSOLUTE
    ..\Drivers\STM32F1xx_HAL_Driver\Src\stm32f1xx_hal_gpio_ex.c 0x00000000   Number         0  stm32f1xx_hal_gpio_ex.o ABSOLUTE
    ..\Drivers\STM32F1xx_HAL_Driver\Src\stm32f1xx_hal_pwr.c 0x00000000   Number         0  stm32f1xx_hal_pwr.o ABSOLUTE
    ..\Drivers\STM32F1xx_HAL_Driver\Src\stm32f1xx_hal_rcc.c 0x00000000   Number         0  stm32f1xx_hal_rcc.o ABSOLUTE
    ..\Drivers\STM32F1xx_HAL_Driver\Src\stm32f1xx_hal_rcc_ex.c 0x00000000   Number         0  stm32f1xx_hal_rcc_ex.o ABSOLUTE
    ..\Drivers\STM32F1xx_HAL_Driver\Src\stm32f1xx_hal_tim.c 0x00000000   Number         0  stm32f1xx_hal_tim.o ABSOLUTE
    ..\Drivers\STM32F1xx_HAL_Driver\Src\stm32f1xx_hal_tim_ex.c 0x00000000   Number         0  stm32f1xx_hal_tim_ex.o ABSOLUTE
    ..\Drivers\STM32F1xx_HAL_Driver\Src\stm32f1xx_hal_uart.c 0x00000000   Number         0  stm32f1xx_hal_uart.o ABSOLUTE
    ..\Source\System\printf.c                0x00000000   Number         0  printf.o ABSOLUTE
    dc.s                                     0x00000000   Number         0  dc.o ABSOLUTE
    startup_stm32f103xe.s                    0x00000000   Number         0  startup_stm32f103xe.o ABSOLUTE
    RESET                                    0x08000000   Section      304  startup_stm32f103xe.o(RESET)
    !!!main                                  0x08000130   Section        8  __main.o(!!!main)
    !!!scatter                               0x08000138   Section       52  __scatter.o(!!!scatter)
    !!handler_copy                           0x0800016c   Section       26  __scatter_copy.o(!!handler_copy)
    !!handler_zi                             0x08000188   Section       28  __scatter_zi.o(!!handler_zi)
    .ARM.Collect$$_printf_percent$$00000000  0x080001a4   Section        0  _printf_percent.o(.ARM.Collect$$_printf_percent$$00000000)
    .ARM.Collect$$_printf_percent$$00000009  0x080001a4   Section        6  _printf_d.o(.ARM.Collect$$_printf_percent$$00000009)
    .ARM.Collect$$_printf_percent$$00000017  0x080001aa   Section        4  _printf_percent_end.o(.ARM.Collect$$_printf_percent$$00000017)
    .ARM.Collect$$libinit$$00000000          0x080001ae   Section        2  libinit.o(.ARM.Collect$$libinit$$00000000)
    .ARM.Collect$$libinit$$00000002          0x080001b0   Section        0  libinit2.o(.ARM.Collect$$libinit$$00000002)
    .ARM.Collect$$libinit$$00000004          0x080001b0   Section        0  libinit2.o(.ARM.Collect$$libinit$$00000004)
    .ARM.Collect$$libinit$$00000005          0x080001b0   Section        8  libinit2.o(.ARM.Collect$$libinit$$00000005)
    .ARM.Collect$$libinit$$0000000A          0x080001b8   Section        0  libinit2.o(.ARM.Collect$$libinit$$0000000A)
    .ARM.Collect$$libinit$$0000000C          0x080001b8   Section        0  libinit2.o(.ARM.Collect$$libinit$$0000000C)
    .ARM.Collect$$libinit$$0000000E          0x080001b8   Section        0  libinit2.o(.ARM.Collect$$libinit$$0000000E)
    .ARM.Collect$$libinit$$00000011          0x080001b8   Section        0  libinit2.o(.ARM.Collect$$libinit$$00000011)
    .ARM.Collect$$libinit$$00000013          0x080001b8   Section        0  libinit2.o(.ARM.Collect$$libinit$$00000013)
    .ARM.Collect$$libinit$$00000015          0x080001b8   Section        0  libinit2.o(.ARM.Collect$$libinit$$00000015)
    .ARM.Collect$$libinit$$00000017          0x080001b8   Section        0  libinit2.o(.ARM.Collect$$libinit$$00000017)
    .ARM.Collect$$libinit$$00000019          0x080001b8   Section        0  libinit2.o(.ARM.Collect$$libinit$$00000019)
    .ARM.Collect$$libinit$$0000001B          0x080001b8   Section        0  libinit2.o(.ARM.Collect$$libinit$$0000001B)
    .ARM.Collect$$libinit$$0000001D          0x080001b8   Section        0  libinit2.o(.ARM.Collect$$libinit$$0000001D)
    .ARM.Collect$$libinit$$0000001F          0x080001b8   Section        0  libinit2.o(.ARM.Collect$$libinit$$0000001F)
    .ARM.Collect$$libinit$$00000021          0x080001b8   Section        0  libinit2.o(.ARM.Collect$$libinit$$00000021)
    .ARM.Collect$$libinit$$00000023          0x080001b8   Section        0  libinit2.o(.ARM.Collect$$libinit$$00000023)
    .ARM.Collect$$libinit$$00000024          0x080001b8   Section        4  libinit2.o(.ARM.Collect$$libinit$$00000024)
    .ARM.Collect$$libinit$$00000025          0x080001bc   Section        0  libinit2.o(.ARM.Collect$$libinit$$00000025)
    .ARM.Collect$$libinit$$0000002C          0x080001bc   Section        0  libinit2.o(.ARM.Collect$$libinit$$0000002C)
    .ARM.Collect$$libinit$$0000002E          0x080001bc   Section        0  libinit2.o(.ARM.Collect$$libinit$$0000002E)
    .ARM.Collect$$libinit$$00000030          0x080001bc   Section        0  libinit2.o(.ARM.Collect$$libinit$$00000030)
    .ARM.Collect$$libinit$$00000032          0x080001bc   Section        0  libinit2.o(.ARM.Collect$$libinit$$00000032)
    .ARM.Collect$$libinit$$00000033          0x080001bc   Section        2  libinit2.o(.ARM.Collect$$libinit$$00000033)
    .ARM.Collect$$libshutdown$$00000000      0x080001be   Section        2  libshutdown.o(.ARM.Collect$$libshutdown$$00000000)
    .ARM.Collect$$libshutdown$$00000002      0x080001c0   Section        0  libshutdown2.o(.ARM.Collect$$libshutdown$$00000002)
    .ARM.Collect$$libshutdown$$00000003      0x080001c0   Section        4  libshutdown2.o(.ARM.Collect$$libshutdown$$00000003)
    .ARM.Collect$$libshutdown$$00000004      0x080001c4   Section        0  libshutdown2.o(.ARM.Collect$$libshutdown$$00000004)
    .ARM.Collect$$libshutdown$$00000007      0x080001c4   Section        0  libshutdown2.o(.ARM.Collect$$libshutdown$$00000007)
    .ARM.Collect$$libshutdown$$0000000A      0x080001c4   Section        0  libshutdown2.o(.ARM.Collect$$libshutdown$$0000000A)
    .ARM.Collect$$libshutdown$$0000000C      0x080001c4   Section        0  libshutdown2.o(.ARM.Collect$$libshutdown$$0000000C)
    .ARM.Collect$$libshutdown$$0000000F      0x080001c4   Section        0  libshutdown2.o(.ARM.Collect$$libshutdown$$0000000F)
    .ARM.Collect$$libshutdown$$00000010      0x080001c4   Section        2  libshutdown2.o(.ARM.Collect$$libshutdown$$00000010)
    .ARM.Collect$$rtentry$$00000000          0x080001c6   Section        0  __rtentry.o(.ARM.Collect$$rtentry$$00000000)
    .ARM.Collect$$rtentry$$00000002          0x080001c6   Section        0  __rtentry2.o(.ARM.Collect$$rtentry$$00000002)
    .ARM.Collect$$rtentry$$00000004          0x080001c6   Section        6  __rtentry4.o(.ARM.Collect$$rtentry$$00000004)
    .ARM.Collect$$rtentry$$00000009          0x080001cc   Section        0  __rtentry2.o(.ARM.Collect$$rtentry$$00000009)
    .ARM.Collect$$rtentry$$0000000A          0x080001cc   Section        4  __rtentry2.o(.ARM.Collect$$rtentry$$0000000A)
    .ARM.Collect$$rtentry$$0000000C          0x080001d0   Section        0  __rtentry2.o(.ARM.Collect$$rtentry$$0000000C)
    .ARM.Collect$$rtentry$$0000000D          0x080001d0   Section        8  __rtentry2.o(.ARM.Collect$$rtentry$$0000000D)
    .ARM.Collect$$rtexit$$00000000           0x080001d8   Section        2  rtexit.o(.ARM.Collect$$rtexit$$00000000)
    .ARM.Collect$$rtexit$$00000002           0x080001da   Section        0  rtexit2.o(.ARM.Collect$$rtexit$$00000002)
    .ARM.Collect$$rtexit$$00000003           0x080001da   Section        4  rtexit2.o(.ARM.Collect$$rtexit$$00000003)
    .ARM.Collect$$rtexit$$00000004           0x080001de   Section        6  rtexit2.o(.ARM.Collect$$rtexit$$00000004)
    .emb_text                                0x080001e4   Section        0  maybetermalloc1.o(.emb_text)
    .text                                    0x080001e4   Section       64  startup_stm32f103xe.o(.text)
    .text                                    0x08000224   Section      238  lludivv7m.o(.text)
    .text                                    0x08000314   Section        0  noretval__2printf.o(.text)
    .text                                    0x0800032c   Section        0  __printf.o(.text)
    .text                                    0x08000394   Section        0  _printf_dec.o(.text)
    .text                                    0x0800040c   Section       78  rt_memclr_w.o(.text)
    .text                                    0x0800045a   Section        0  heapauxi.o(.text)
    .text                                    0x08000460   Section        0  _printf_intcommon.o(.text)
    .text                                    0x08000514   Section        0  _printf_char_file.o(.text)
    .text                                    0x08000538   Section        0  _printf_char_common.o(.text)
    _printf_input_char                       0x08000539   Thumb Code    10  _printf_char_common.o(.text)
    .text                                    0x08000568   Section        0  ferror.o(.text)
    .text                                    0x08000570   Section        0  initio.o(.text)
    .text                                    0x080006a8   Section        0  sys_io.o(.text)
    .text                                    0x0800070e   Section       74  sys_stackheap_outer.o(.text)
    .text                                    0x08000758   Section        0  h1_free.o(.text)
    .text                                    0x080007a6   Section        0  flsbuf.o(.text)
    .text                                    0x0800097c   Section        0  setvbuf.o(.text)
    .text                                    0x080009c4   Section        0  fopen.o(.text)
    _freopen_locked                          0x080009c5   Thumb Code     0  fopen.o(.text)
    .text                                    0x08000ab0   Section        0  fclose.o(.text)
    .text                                    0x08000afc   Section        0  exit.o(.text)
    .text                                    0x08000b0e   Section        0  defsig_rtred_outer.o(.text)
    .text                                    0x08000b1c   Section        8  libspace.o(.text)
    .text                                    0x08000b24   Section        2  use_no_semi.o(.text)
    .text                                    0x08000b26   Section        0  indicate_semi.o(.text)
    .text                                    0x08000b28   Section        8  rt_heap_descriptor_intlibspace.o(.text)
    .text                                    0x08000b30   Section        0  hguard.o(.text)
    .text                                    0x08000b34   Section        0  init_alloc.o(.text)
    .text                                    0x08000bbe   Section        0  h1_alloc.o(.text)
    .text                                    0x08000c1c   Section        0  fseek.o(.text)
    .text                                    0x08000d14   Section        0  stdio.o(.text)
    .text                                    0x08000e04   Section        0  defsig_exit.o(.text)
    .text                                    0x08000e10   Section        0  defsig_rtred_inner.o(.text)
    .text                                    0x08000e44   Section        0  strlen.o(.text)
    .text                                    0x08000e84   Section        0  sys_exit.o(.text)
    .text                                    0x08000e90   Section        0  h1_init.o(.text)
    .text                                    0x08000e9e   Section        0  h1_extend.o(.text)
    .text                                    0x08000ed2   Section        0  ftell.o(.text)
    .text                                    0x08000f14   Section        0  defsig_general.o(.text)
    .text                                    0x08000f46   Section        0  defsig_rtmem_outer.o(.text)
    .text                                    0x08000f54   Section        0  sys_wrch.o(.text)
    .text                                    0x08000f64   Section        8  rt_errno_addr_intlibspace.o(.text)
    .text                                    0x08000f6c   Section        0  defsig_rtmem_inner.o(.text)
    i.BusFault_Handler                       0x08000fbc   Section        0  stm32f1xx_it.o(i.BusFault_Handler)
    i.DebugMon_Handler                       0x08000fbe   Section        0  stm32f1xx_it.o(i.DebugMon_Handler)
    i.Error_Handler                          0x08000fc0   Section        0  main.o(i.Error_Handler)
    i.HAL_DMA_Abort_IT                       0x08000fc4   Section        0  stm32f1xx_hal_dma.o(i.HAL_DMA_Abort_IT)
    i.HAL_Delay                              0x080010f4   Section        0  stm32f1xx_hal.o(i.HAL_Delay)
    i.HAL_GPIO_Init                          0x08001118   Section        0  stm32f1xx_hal_gpio.o(i.HAL_GPIO_Init)
    i.HAL_GPIO_ReadPin                       0x08001310   Section        0  stm32f1xx_hal_gpio.o(i.HAL_GPIO_ReadPin)
    i.HAL_GetTick                            0x0800131c   Section        0  stm32f1xx_hal.o(i.HAL_GetTick)
    i.HAL_IncTick                            0x08001328   Section        0  stm32f1xx_hal.o(i.HAL_IncTick)
    i.HAL_Init                               0x08001338   Section        0  stm32f1xx_hal.o(i.HAL_Init)
    i.HAL_InitTick                           0x0800135c   Section        0  stm32f1xx_hal.o(i.HAL_InitTick)
    i.HAL_MspInit                            0x0800139c   Section        0  stm32f1xx_hal_msp.o(i.HAL_MspInit)
    i.HAL_NVIC_EnableIRQ                     0x080013d8   Section        0  stm32f1xx_hal_cortex.o(i.HAL_NVIC_EnableIRQ)
    i.HAL_NVIC_SetPriority                   0x080013f4   Section        0  stm32f1xx_hal_cortex.o(i.HAL_NVIC_SetPriority)
    i.HAL_NVIC_SetPriorityGrouping           0x08001434   Section        0  stm32f1xx_hal_cortex.o(i.HAL_NVIC_SetPriorityGrouping)
    i.HAL_RCC_CSSCallback                    0x08001458   Section        0  stm32f1xx_hal_rcc.o(i.HAL_RCC_CSSCallback)
    i.HAL_RCC_ClockConfig                    0x0800145c   Section        0  stm32f1xx_hal_rcc.o(i.HAL_RCC_ClockConfig)
    i.HAL_RCC_EnableCSS                      0x08001588   Section        0  stm32f1xx_hal_rcc.o(i.HAL_RCC_EnableCSS)
    i.HAL_RCC_GetPCLK1Freq                   0x08001594   Section        0  stm32f1xx_hal_rcc.o(i.HAL_RCC_GetPCLK1Freq)
    i.HAL_RCC_GetPCLK2Freq                   0x080015b4   Section        0  stm32f1xx_hal_rcc.o(i.HAL_RCC_GetPCLK2Freq)
    i.HAL_RCC_GetSysClockFreq                0x080015d4   Section        0  stm32f1xx_hal_rcc.o(i.HAL_RCC_GetSysClockFreq)
    i.HAL_RCC_NMI_IRQHandler                 0x08001640   Section        0  stm32f1xx_hal_rcc.o(i.HAL_RCC_NMI_IRQHandler)
    i.HAL_RCC_OscConfig                      0x08001658   Section        0  stm32f1xx_hal_rcc.o(i.HAL_RCC_OscConfig)
    i.HAL_SYSTICK_Config                     0x08001978   Section        0  stm32f1xx_hal_cortex.o(i.HAL_SYSTICK_Config)
    i.HAL_UART_ErrorCallback                 0x080019a0   Section        0  stm32f1xx_hal_uart.o(i.HAL_UART_ErrorCallback)
    i.HAL_UART_IRQHandler                    0x080019a4   Section        0  stm32f1xx_hal_uart.o(i.HAL_UART_IRQHandler)
    i.HAL_UART_Init                          0x08001ab4   Section        0  stm32f1xx_hal_uart.o(i.HAL_UART_Init)
    i.HAL_UART_MspInit                       0x08001b18   Section        0  usart.o(i.HAL_UART_MspInit)
    i.HAL_UART_RxCpltCallback                0x08001b98   Section        0  stm32f1xx_hal_uart.o(i.HAL_UART_RxCpltCallback)
    i.HAL_UART_Transmit                      0x08001b9a   Section        0  stm32f1xx_hal_uart.o(i.HAL_UART_Transmit)
    i.HAL_UART_TxCpltCallback                0x08001c54   Section        0  stm32f1xx_hal_uart.o(i.HAL_UART_TxCpltCallback)
    i.HardFault_Handler                      0x08001c56   Section        0  stm32f1xx_it.o(i.HardFault_Handler)
    i.KeyDebounce                            0x08001c58   Section        0  main.o(i.KeyDebounce)
    i.KeyScanFallEdge                        0x08001c80   Section        0  main.o(i.KeyScanFallEdge)
    i.KeyStateScan                           0x08001c9c   Section        0  main.o(i.KeyStateScan)
    i.MX_GPIO_Init                           0x08001cc8   Section        0  gpio.o(i.MX_GPIO_Init)
    i.MX_USART1_UART_Init                    0x08001d34   Section        0  usart.o(i.MX_USART1_UART_Init)
    i.MemManage_Handler                      0x08001d6c   Section        0  stm32f1xx_it.o(i.MemManage_Handler)
    i.NMI_Handler                            0x08001d6e   Section        0  stm32f1xx_it.o(i.NMI_Handler)
    i.PendSV_Handler                         0x08001d74   Section        0  stm32f1xx_it.o(i.PendSV_Handler)
    i.SVC_Handler                            0x08001d76   Section        0  stm32f1xx_it.o(i.SVC_Handler)
    i.SysTick_Handler                        0x08001d78   Section        0  stm32f1xx_it.o(i.SysTick_Handler)
    i.SystemClock_Config                     0x08001d7c   Section        0  main.o(i.SystemClock_Config)
    i.SystemInit                             0x08001ddc   Section        0  system_stm32f1xx.o(i.SystemInit)
    i.UART_DMAAbortOnError                   0x08001e24   Section        0  stm32f1xx_hal_uart.o(i.UART_DMAAbortOnError)
    UART_DMAAbortOnError                     0x08001e25   Thumb Code    16  stm32f1xx_hal_uart.o(i.UART_DMAAbortOnError)
    i.UART_EndRxTransfer                     0x08001e34   Section        0  stm32f1xx_hal_uart.o(i.UART_EndRxTransfer)
    UART_EndRxTransfer                       0x08001e35   Thumb Code    28  stm32f1xx_hal_uart.o(i.UART_EndRxTransfer)
    i.UART_Receive_IT                        0x08001e50   Section        0  stm32f1xx_hal_uart.o(i.UART_Receive_IT)
    UART_Receive_IT                          0x08001e51   Thumb Code   150  stm32f1xx_hal_uart.o(i.UART_Receive_IT)
    i.UART_SetConfig                         0x08001ee8   Section        0  stm32f1xx_hal_uart.o(i.UART_SetConfig)
    UART_SetConfig                           0x08001ee9   Thumb Code   178  stm32f1xx_hal_uart.o(i.UART_SetConfig)
    i.UART_Transmit_IT                       0x08001fa0   Section        0  stm32f1xx_hal_uart.o(i.UART_Transmit_IT)
    UART_Transmit_IT                         0x08001fa1   Thumb Code    98  stm32f1xx_hal_uart.o(i.UART_Transmit_IT)
    i.UART_WaitOnFlagUntilTimeout            0x08002002   Section        0  stm32f1xx_hal_uart.o(i.UART_WaitOnFlagUntilTimeout)
    UART_WaitOnFlagUntilTimeout              0x08002003   Thumb Code   100  stm32f1xx_hal_uart.o(i.UART_WaitOnFlagUntilTimeout)
    i.USART1_IRQHandler                      0x08002068   Section        0  stm32f1xx_it.o(i.USART1_IRQHandler)
    i.UsageFault_Handler                     0x08002074   Section        0  stm32f1xx_it.o(i.UsageFault_Handler)
    i.__NVIC_SetPriority                     0x08002076   Section        0  stm32f1xx_hal_cortex.o(i.__NVIC_SetPriority)
    __NVIC_SetPriority                       0x08002077   Thumb Code    32  stm32f1xx_hal_cortex.o(i.__NVIC_SetPriority)
    i._atoi                                  0x08002096   Section        0  printf.o(i._atoi)
    _atoi                                    0x08002097   Thumb Code    46  printf.o(i._atoi)
    i._etoa                                  0x080020c4   Section        0  printf.o(i._etoa)
    _etoa                                    0x080020c5   Thumb Code   728  printf.o(i._etoa)
    i._ftoa                                  0x080023f4   Section        0  printf.o(i._ftoa)
    _ftoa                                    0x080023f5   Thumb Code   612  printf.o(i._ftoa)
    i._is_digit                              0x08002684   Section        0  printf.o(i._is_digit)
    _is_digit                                0x08002685   Thumb Code    14  printf.o(i._is_digit)
    i._ntoa_format                           0x08002692   Section        0  printf.o(i._ntoa_format)
    _ntoa_format                             0x08002693   Thumb Code   228  printf.o(i._ntoa_format)
    i._ntoa_long                             0x08002776   Section        0  printf.o(i._ntoa_long)
    _ntoa_long                               0x08002777   Thumb Code   128  printf.o(i._ntoa_long)
    i._ntoa_long_long                        0x080027f6   Section        0  printf.o(i._ntoa_long_long)
    _ntoa_long_long                          0x080027f7   Thumb Code   128  printf.o(i._ntoa_long_long)
    i._out_char                              0x08002876   Section        0  printf.o(i._out_char)
    _out_char                                0x08002877   Thumb Code    10  printf.o(i._out_char)
    i._out_null                              0x08002880   Section        0  printf.o(i._out_null)
    _out_null                                0x08002881   Thumb Code     2  printf.o(i._out_null)
    i._out_rev                               0x08002882   Section        0  printf.o(i._out_rev)
    _out_rev                                 0x08002883   Thumb Code   108  printf.o(i._out_rev)
    i._putchar                               0x080028f0   Section        0  usart.o(i._putchar)
    i._vsnprintf                             0x08002908   Section        0  printf.o(i._vsnprintf)
    _vsnprintf                               0x08002909   Thumb Code  1188  printf.o(i._vsnprintf)
    i.fputc                                  0x08002dac   Section        0  fputc.o(i.fputc)
    i.main                                   0x08002dc8   Section        0  main.o(i.main)
    i.printf_                                0x08002e1c   Section        0  printf.o(i.printf_)
    x$fpl$dadd                               0x08002e3c   Section      336  daddsub_clz.o(x$fpl$dadd)
    _dadd1                                   0x08002e4d   Thumb Code     0  daddsub_clz.o(x$fpl$dadd)
    x$fpl$dcheck1                            0x08002f8c   Section       16  dcheck1.o(x$fpl$dcheck1)
    x$fpl$dcmpinf                            0x08002f9c   Section       24  dcmpi.o(x$fpl$dcmpinf)
    x$fpl$ddiv                               0x08002fb4   Section      688  ddiv.o(x$fpl$ddiv)
    ddiv_entry                               0x08002fbb   Thumb Code     0  ddiv.o(x$fpl$ddiv)
    x$fpl$deqf                               0x08003264   Section      120  deqf.o(x$fpl$deqf)
    x$fpl$dfix                               0x080032dc   Section       94  dfix.o(x$fpl$dfix)
    x$fpl$dfixu                              0x0800333c   Section       90  dfixu.o(x$fpl$dfixu)
    x$fpl$dflt                               0x08003396   Section       46  dflt_clz.o(x$fpl$dflt)
    x$fpl$dfltu                              0x080033c4   Section       38  dflt_clz.o(x$fpl$dfltu)
    x$fpl$dleqf                              0x080033ec   Section      120  dleqf.o(x$fpl$dleqf)
    x$fpl$dmul                               0x08003464   Section      340  dmul.o(x$fpl$dmul)
    x$fpl$dnaninf                            0x080035b8   Section      156  dnaninf.o(x$fpl$dnaninf)
    x$fpl$dretinf                            0x08003654   Section       12  dretinf.o(x$fpl$dretinf)
    x$fpl$drleqf                             0x08003660   Section      108  drleqf.o(x$fpl$drleqf)
    x$fpl$drsb                               0x080036cc   Section       22  daddsub_clz.o(x$fpl$drsb)
    x$fpl$dsub                               0x080036e4   Section      468  daddsub_clz.o(x$fpl$dsub)
    _dsub1                                   0x080036f5   Thumb Code     0  daddsub_clz.o(x$fpl$dsub)
    x$fpl$retnan                             0x080038b8   Section      100  retnan.o(x$fpl$retnan)
    x$fpl$scalbn                             0x0800391c   Section       92  scalbn.o(x$fpl$scalbn)
    x$fpl$trapveneer                         0x08003978   Section       48  trapv.o(x$fpl$trapveneer)
    .constdata                               0x080039a8   Section       16  system_stm32f1xx.o(.constdata)
    x$fpl$usenofp                            0x080039a8   Section        0  usenofp.o(x$fpl$usenofp)
    .constdata                               0x080039b8   Section        8  system_stm32f1xx.o(.constdata)
    .constdata                               0x080039c0   Section       80  printf.o(.constdata)
    pow10                                    0x080039c0   Data          80  printf.o(.constdata)
    .constdata                               0x08003a10   Section        4  sys_io.o(.constdata)
    .constdata                               0x08003a14   Section        4  sys_io.o(.constdata)
    .constdata                               0x08003a18   Section        4  sys_io.o(.constdata)
    .data                                    0x20000000   Section        1  main.o(.data)
    keyOld                                   0x20000000   Data           1  main.o(.data)
    .data                                    0x20000004   Section       12  stm32f1xx_hal.o(.data)
    .data                                    0x20000010   Section        4  system_stm32f1xx.o(.data)
    .data                                    0x20000014   Section        4  stdio_streams.o(.data)
    .data                                    0x20000018   Section        4  stdio_streams.o(.data)
    .data                                    0x2000001c   Section        4  stdio_streams.o(.data)
    .bss                                     0x20000020   Section       64  usart.o(.bss)
    .bss                                     0x20000060   Section       84  stdio_streams.o(.bss)
    .bss                                     0x200000b4   Section       84  stdio_streams.o(.bss)
    .bss                                     0x20000108   Section       84  stdio_streams.o(.bss)
    .bss                                     0x2000015c   Section       96  libspace.o(.bss)
    HEAP                                     0x200001c0   Section      512  startup_stm32f103xe.o(HEAP)
    Heap_Mem                                 0x200001c0   Data         512  startup_stm32f103xe.o(HEAP)
    STACK                                    0x200003c0   Section     1024  startup_stm32f103xe.o(STACK)
    Stack_Mem                                0x200003c0   Data        1024  startup_stm32f103xe.o(STACK)
    __initial_sp                             0x200007c0   Data           0  startup_stm32f103xe.o(STACK)

    Global Symbols

    Symbol Name                              Value     Ov Type        Size  Object(Section)

    BuildAttributes$$THM_ISAv4$P$D$K$B$S$PE$A:L22UL41UL21$X:L11$S22US41US21$IEEE1$IW$USESV6$~STKCKD$USESV7$~SHL$OTIME$ROPI$EBA8$UX$STANDARDLIB$REQ8$PRES8$EABIv2 0x00000000   Number         0  anon$$obj.o ABSOLUTE
    __ARM_use_no_argv                        0x00000000   Number         0  main.o ABSOLUTE
    __ARM_exceptions_init                     - Undefined Weak Reference
    __alloca_initialize                       - Undefined Weak Reference
    __arm_preinit_                            - Undefined Weak Reference
    __cpp_initialize__aeabi_                  - Undefined Weak Reference
    __cxa_finalize                            - Undefined Weak Reference
    __rt_locale                               - Undefined Weak Reference
    __sigvec_lookup                           - Undefined Weak Reference
    __user_heap_extent                        - Undefined Weak Reference
    _atexit_init                              - Undefined Weak Reference
    _call_atexit_fns                          - Undefined Weak Reference
    _clock_init                               - Undefined Weak Reference
    _fp_trap_init                             - Undefined Weak Reference
    _fp_trap_shutdown                         - Undefined Weak Reference
    _get_lc_collate                           - Undefined Weak Reference
    _get_lc_ctype                             - Undefined Weak Reference
    _get_lc_monetary                          - Undefined Weak Reference
    _get_lc_numeric                           - Undefined Weak Reference
    _get_lc_time                              - Undefined Weak Reference
    _getenv_init                              - Undefined Weak Reference
    _handle_redirection                       - Undefined Weak Reference
    _mutex_acquire                            - Undefined Weak Reference
    _mutex_free                               - Undefined Weak Reference
    _mutex_release                            - Undefined Weak Reference
    _printf_post_padding                      - Undefined Weak Reference
    _printf_pre_padding                       - Undefined Weak Reference
    _printf_truncate_signed                   - Undefined Weak Reference
    _printf_truncate_unsigned                 - Undefined Weak Reference
    _rand_init                                - Undefined Weak Reference
    _signal_finish                            - Undefined Weak Reference
    _signal_init                              - Undefined Weak Reference
    __Vectors_Size                           0x00000130   Number         0  startup_stm32f103xe.o ABSOLUTE
    __Vectors                                0x08000000   Data           4  startup_stm32f103xe.o(RESET)
    __Vectors_End                            0x08000130   Data           0  startup_stm32f103xe.o(RESET)
    __main                                   0x08000131   Thumb Code     8  __main.o(!!!main)
    __scatterload                            0x08000139   Thumb Code     0  __scatter.o(!!!scatter)
    __scatterload_rt2                        0x08000139   Thumb Code    44  __scatter.o(!!!scatter)
    __scatterload_rt2_thumb_only             0x08000139   Thumb Code     0  __scatter.o(!!!scatter)
    __scatterload_null                       0x08000147   Thumb Code     0  __scatter.o(!!!scatter)
    __scatterload_copy                       0x0800016d   Thumb Code    26  __scatter_copy.o(!!handler_copy)
    __scatterload_zeroinit                   0x08000189   Thumb Code    28  __scatter_zi.o(!!handler_zi)
    _printf_d                                0x080001a5   Thumb Code     0  _printf_d.o(.ARM.Collect$$_printf_percent$$00000009)
    _printf_percent                          0x080001a5   Thumb Code     0  _printf_percent.o(.ARM.Collect$$_printf_percent$$00000000)
    _printf_percent_end                      0x080001ab   Thumb Code     0  _printf_percent_end.o(.ARM.Collect$$_printf_percent$$00000017)
    __rt_lib_init                            0x080001af   Thumb Code     0  libinit.o(.ARM.Collect$$libinit$$00000000)
    __rt_lib_init_fp_1                       0x080001b1   Thumb Code     0  libinit2.o(.ARM.Collect$$libinit$$00000002)
    __rt_lib_init_heap_2                     0x080001b1   Thumb Code     0  libinit2.o(.ARM.Collect$$libinit$$00000005)
    __rt_lib_init_preinit_1                  0x080001b1   Thumb Code     0  libinit2.o(.ARM.Collect$$libinit$$00000004)
    __rt_lib_init_atexit_1                   0x080001b9   Thumb Code     0  libinit2.o(.ARM.Collect$$libinit$$0000001B)
    __rt_lib_init_clock_1                    0x080001b9   Thumb Code     0  libinit2.o(.ARM.Collect$$libinit$$00000021)
    __rt_lib_init_fp_trap_1                  0x080001b9   Thumb Code     0  libinit2.o(.ARM.Collect$$libinit$$0000001F)
    __rt_lib_init_getenv_1                   0x080001b9   Thumb Code     0  libinit2.o(.ARM.Collect$$libinit$$00000023)
    __rt_lib_init_heap_1                     0x080001b9   Thumb Code     0  libinit2.o(.ARM.Collect$$libinit$$0000000A)
    __rt_lib_init_lc_collate_1               0x080001b9   Thumb Code     0  libinit2.o(.ARM.Collect$$libinit$$00000011)
    __rt_lib_init_lc_ctype_1                 0x080001b9   Thumb Code     0  libinit2.o(.ARM.Collect$$libinit$$00000013)
    __rt_lib_init_lc_monetary_1              0x080001b9   Thumb Code     0  libinit2.o(.ARM.Collect$$libinit$$00000015)
    __rt_lib_init_lc_numeric_1               0x080001b9   Thumb Code     0  libinit2.o(.ARM.Collect$$libinit$$00000017)
    __rt_lib_init_lc_time_1                  0x080001b9   Thumb Code     0  libinit2.o(.ARM.Collect$$libinit$$00000019)
    __rt_lib_init_rand_1                     0x080001b9   Thumb Code     0  libinit2.o(.ARM.Collect$$libinit$$0000000E)
    __rt_lib_init_signal_1                   0x080001b9   Thumb Code     0  libinit2.o(.ARM.Collect$$libinit$$0000001D)
    __rt_lib_init_stdio_2                    0x080001b9   Thumb Code     0  libinit2.o(.ARM.Collect$$libinit$$00000024)
    __rt_lib_init_user_alloc_1               0x080001b9   Thumb Code     0  libinit2.o(.ARM.Collect$$libinit$$0000000C)
    __rt_lib_init_alloca_1                   0x080001bd   Thumb Code     0  libinit2.o(.ARM.Collect$$libinit$$0000002E)
    __rt_lib_init_argv_1                     0x080001bd   Thumb Code     0  libinit2.o(.ARM.Collect$$libinit$$0000002C)
    __rt_lib_init_cpp_1                      0x080001bd   Thumb Code     0  libinit2.o(.ARM.Collect$$libinit$$00000032)
    __rt_lib_init_exceptions_1               0x080001bd   Thumb Code     0  libinit2.o(.ARM.Collect$$libinit$$00000030)
    __rt_lib_init_return                     0x080001bd   Thumb Code     0  libinit2.o(.ARM.Collect$$libinit$$00000033)
    __rt_lib_init_stdio_1                    0x080001bd   Thumb Code     0  libinit2.o(.ARM.Collect$$libinit$$00000025)
    __rt_lib_shutdown                        0x080001bf   Thumb Code     0  libshutdown.o(.ARM.Collect$$libshutdown$$00000000)
    __rt_lib_shutdown_cpp_1                  0x080001c1   Thumb Code     0  libshutdown2.o(.ARM.Collect$$libshutdown$$00000002)
    __rt_lib_shutdown_stdio_2                0x080001c1   Thumb Code     0  libshutdown2.o(.ARM.Collect$$libshutdown$$00000003)
    __rt_lib_shutdown_fp_trap_1              0x080001c5   Thumb Code     0  libshutdown2.o(.ARM.Collect$$libshutdown$$00000007)
    __rt_lib_shutdown_heap_1                 0x080001c5   Thumb Code     0  libshutdown2.o(.ARM.Collect$$libshutdown$$0000000F)
    __rt_lib_shutdown_return                 0x080001c5   Thumb Code     0  libshutdown2.o(.ARM.Collect$$libshutdown$$00000010)
    __rt_lib_shutdown_signal_1               0x080001c5   Thumb Code     0  libshutdown2.o(.ARM.Collect$$libshutdown$$0000000A)
    __rt_lib_shutdown_stdio_1                0x080001c5   Thumb Code     0  libshutdown2.o(.ARM.Collect$$libshutdown$$00000004)
    __rt_lib_shutdown_user_alloc_1           0x080001c5   Thumb Code     0  libshutdown2.o(.ARM.Collect$$libshutdown$$0000000C)
    __rt_entry                               0x080001c7   Thumb Code     0  __rtentry.o(.ARM.Collect$$rtentry$$00000000)
    __rt_entry_presh_1                       0x080001c7   Thumb Code     0  __rtentry2.o(.ARM.Collect$$rtentry$$00000002)
    __rt_entry_sh                            0x080001c7   Thumb Code     0  __rtentry4.o(.ARM.Collect$$rtentry$$00000004)
    __rt_entry_li                            0x080001cd   Thumb Code     0  __rtentry2.o(.ARM.Collect$$rtentry$$0000000A)
    __rt_entry_postsh_1                      0x080001cd   Thumb Code     0  __rtentry2.o(.ARM.Collect$$rtentry$$00000009)
    __rt_entry_main                          0x080001d1   Thumb Code     0  __rtentry2.o(.ARM.Collect$$rtentry$$0000000D)
    __rt_entry_postli_1                      0x080001d1   Thumb Code     0  __rtentry2.o(.ARM.Collect$$rtentry$$0000000C)
    __rt_exit                                0x080001d9   Thumb Code     0  rtexit.o(.ARM.Collect$$rtexit$$00000000)
    __rt_exit_ls                             0x080001db   Thumb Code     0  rtexit2.o(.ARM.Collect$$rtexit$$00000003)
    __rt_exit_prels_1                        0x080001db   Thumb Code     0  rtexit2.o(.ARM.Collect$$rtexit$$00000002)
    __rt_exit_exit                           0x080001df   Thumb Code     0  rtexit2.o(.ARM.Collect$$rtexit$$00000004)
    Reset_Handler                            0x080001e5   Thumb Code     8  startup_stm32f103xe.o(.text)
    _maybe_terminate_alloc                   0x080001e5   Thumb Code     0  maybetermalloc1.o(.emb_text)
    ADC1_2_IRQHandler                        0x080001ff   Thumb Code     0  startup_stm32f103xe.o(.text)
    ADC3_IRQHandler                          0x080001ff   Thumb Code     0  startup_stm32f103xe.o(.text)
    CAN1_RX1_IRQHandler                      0x080001ff   Thumb Code     0  startup_stm32f103xe.o(.text)
    CAN1_SCE_IRQHandler                      0x080001ff   Thumb Code     0  startup_stm32f103xe.o(.text)
    DMA1_Channel1_IRQHandler                 0x080001ff   Thumb Code     0  startup_stm32f103xe.o(.text)
    DMA1_Channel2_IRQHandler                 0x080001ff   Thumb Code     0  startup_stm32f103xe.o(.text)
    DMA1_Channel3_IRQHandler                 0x080001ff   Thumb Code     0  startup_stm32f103xe.o(.text)
    DMA1_Channel4_IRQHandler                 0x080001ff   Thumb Code     0  startup_stm32f103xe.o(.text)
    DMA1_Channel5_IRQHandler                 0x080001ff   Thumb Code     0  startup_stm32f103xe.o(.text)
    DMA1_Channel6_IRQHandler                 0x080001ff   Thumb Code     0  startup_stm32f103xe.o(.text)
    DMA1_Channel7_IRQHandler                 0x080001ff   Thumb Code     0  startup_stm32f103xe.o(.text)
    DMA2_Channel1_IRQHandler                 0x080001ff   Thumb Code     0  startup_stm32f103xe.o(.text)
    DMA2_Channel2_IRQHandler                 0x080001ff   Thumb Code     0  startup_stm32f103xe.o(.text)
    DMA2_Channel3_IRQHandler                 0x080001ff   Thumb Code     0  startup_stm32f103xe.o(.text)
    DMA2_Channel4_5_IRQHandler               0x080001ff   Thumb Code     0  startup_stm32f103xe.o(.text)
    EXTI0_IRQHandler                         0x080001ff   Thumb Code     0  startup_stm32f103xe.o(.text)
    EXTI15_10_IRQHandler                     0x080001ff   Thumb Code     0  startup_stm32f103xe.o(.text)
    EXTI1_IRQHandler                         0x080001ff   Thumb Code     0  startup_stm32f103xe.o(.text)
    EXTI2_IRQHandler                         0x080001ff   Thumb Code     0  startup_stm32f103xe.o(.text)
    EXTI3_IRQHandler                         0x080001ff   Thumb Code     0  startup_stm32f103xe.o(.text)
    EXTI4_IRQHandler                         0x080001ff   Thumb Code     0  startup_stm32f103xe.o(.text)
    EXTI9_5_IRQHandler                       0x080001ff   Thumb Code     0  startup_stm32f103xe.o(.text)
    FLASH_IRQHandler                         0x080001ff   Thumb Code     0  startup_stm32f103xe.o(.text)
    FSMC_IRQHandler                          0x080001ff   Thumb Code     0  startup_stm32f103xe.o(.text)
    I2C1_ER_IRQHandler                       0x080001ff   Thumb Code     0  startup_stm32f103xe.o(.text)
    I2C1_EV_IRQHandler                       0x080001ff   Thumb Code     0  startup_stm32f103xe.o(.text)
    I2C2_ER_IRQHandler                       0x080001ff   Thumb Code     0  startup_stm32f103xe.o(.text)
    I2C2_EV_IRQHandler                       0x080001ff   Thumb Code     0  startup_stm32f103xe.o(.text)
    PVD_IRQHandler                           0x080001ff   Thumb Code     0  startup_stm32f103xe.o(.text)
    RCC_IRQHandler                           0x080001ff   Thumb Code     0  startup_stm32f103xe.o(.text)
    RTC_Alarm_IRQHandler                     0x080001ff   Thumb Code     0  startup_stm32f103xe.o(.text)
    RTC_IRQHandler                           0x080001ff   Thumb Code     0  startup_stm32f103xe.o(.text)
    SDIO_IRQHandler                          0x080001ff   Thumb Code     0  startup_stm32f103xe.o(.text)
    SPI1_IRQHandler                          0x080001ff   Thumb Code     0  startup_stm32f103xe.o(.text)
    SPI2_IRQHandler                          0x080001ff   Thumb Code     0  startup_stm32f103xe.o(.text)
    SPI3_IRQHandler                          0x080001ff   Thumb Code     0  startup_stm32f103xe.o(.text)
    TAMPER_IRQHandler                        0x080001ff   Thumb Code     0  startup_stm32f103xe.o(.text)
    TIM1_BRK_IRQHandler                      0x080001ff   Thumb Code     0  startup_stm32f103xe.o(.text)
    TIM1_CC_IRQHandler                       0x080001ff   Thumb Code     0  startup_stm32f103xe.o(.text)
    TIM1_TRG_COM_IRQHandler                  0x080001ff   Thumb Code     0  startup_stm32f103xe.o(.text)
    TIM1_UP_IRQHandler                       0x080001ff   Thumb Code     0  startup_stm32f103xe.o(.text)
    TIM2_IRQHandler                          0x080001ff   Thumb Code     0  startup_stm32f103xe.o(.text)
    TIM3_IRQHandler                          0x080001ff   Thumb Code     0  startup_stm32f103xe.o(.text)
    TIM4_IRQHandler                          0x080001ff   Thumb Code     0  startup_stm32f103xe.o(.text)
    TIM5_IRQHandler                          0x080001ff   Thumb Code     0  startup_stm32f103xe.o(.text)
    TIM6_IRQHandler                          0x080001ff   Thumb Code     0  startup_stm32f103xe.o(.text)
    TIM7_IRQHandler                          0x080001ff   Thumb Code     0  startup_stm32f103xe.o(.text)
    TIM8_BRK_IRQHandler                      0x080001ff   Thumb Code     0  startup_stm32f103xe.o(.text)
    TIM8_CC_IRQHandler                       0x080001ff   Thumb Code     0  startup_stm32f103xe.o(.text)
    TIM8_TRG_COM_IRQHandler                  0x080001ff   Thumb Code     0  startup_stm32f103xe.o(.text)
    TIM8_UP_IRQHandler                       0x080001ff   Thumb Code     0  startup_stm32f103xe.o(.text)
    UART4_IRQHandler                         0x080001ff   Thumb Code     0  startup_stm32f103xe.o(.text)
    UART5_IRQHandler                         0x080001ff   Thumb Code     0  startup_stm32f103xe.o(.text)
    USART2_IRQHandler                        0x080001ff   Thumb Code     0  startup_stm32f103xe.o(.text)
    USART3_IRQHandler                        0x080001ff   Thumb Code     0  startup_stm32f103xe.o(.text)
    USBWakeUp_IRQHandler                     0x080001ff   Thumb Code     0  startup_stm32f103xe.o(.text)
    USB_HP_CAN1_TX_IRQHandler                0x080001ff   Thumb Code     0  startup_stm32f103xe.o(.text)
    USB_LP_CAN1_RX0_IRQHandler               0x080001ff   Thumb Code     0  startup_stm32f103xe.o(.text)
    WWDG_IRQHandler                          0x080001ff   Thumb Code     0  startup_stm32f103xe.o(.text)
    __user_initial_stackheap                 0x08000201   Thumb Code     0  startup_stm32f103xe.o(.text)
    __aeabi_uldivmod                         0x08000225   Thumb Code     0  lludivv7m.o(.text)
    _ll_udiv                                 0x08000225   Thumb Code   238  lludivv7m.o(.text)
    __2printf                                0x08000315   Thumb Code    20  noretval__2printf.o(.text)
    __printf                                 0x0800032d   Thumb Code   104  __printf.o(.text)
    _printf_int_dec                          0x08000395   Thumb Code   104  _printf_dec.o(.text)
    __aeabi_memclr4                          0x0800040d   Thumb Code     0  rt_memclr_w.o(.text)
    __aeabi_memclr8                          0x0800040d   Thumb Code     0  rt_memclr_w.o(.text)
    __rt_memclr_w                            0x0800040d   Thumb Code    78  rt_memclr_w.o(.text)
    _memset_w                                0x08000411   Thumb Code     0  rt_memclr_w.o(.text)
    __use_two_region_memory                  0x0800045b   Thumb Code     2  heapauxi.o(.text)
    __rt_heap_escrow                         0x0800045d   Thumb Code     2  heapauxi.o(.text)
    __rt_heap_expand                         0x0800045f   Thumb Code     2  heapauxi.o(.text)
    _printf_int_common                       0x08000461   Thumb Code   178  _printf_intcommon.o(.text)
    _printf_char_file                        0x08000515   Thumb Code    32  _printf_char_file.o(.text)
    _printf_char_common                      0x08000543   Thumb Code    32  _printf_char_common.o(.text)
    ferror                                   0x08000569   Thumb Code     8  ferror.o(.text)
    _initio                                  0x08000571   Thumb Code   210  initio.o(.text)
    _terminateio                             0x08000643   Thumb Code    56  initio.o(.text)
    _sys_open                                0x080006a9   Thumb Code    20  sys_io.o(.text)
    _sys_close                               0x080006bd   Thumb Code    12  sys_io.o(.text)
    _sys_write                               0x080006c9   Thumb Code    16  sys_io.o(.text)
    _sys_read                                0x080006d9   Thumb Code    14  sys_io.o(.text)
    _sys_istty                               0x080006e7   Thumb Code    12  sys_io.o(.text)
    _sys_seek                                0x080006f3   Thumb Code    14  sys_io.o(.text)
    _sys_ensure                              0x08000701   Thumb Code     2  sys_io.o(.text)
    _sys_flen                                0x08000703   Thumb Code    12  sys_io.o(.text)
    __user_setup_stackheap                   0x0800070f   Thumb Code    74  sys_stackheap_outer.o(.text)
    free                                     0x08000759   Thumb Code    78  h1_free.o(.text)
    __flsbuf                                 0x080007a7   Thumb Code   470  flsbuf.o(.text)
    __flsbuf_byte                            0x080007a7   Thumb Code     0  flsbuf.o(.text)
    __flsbuf_wide                            0x080007a7   Thumb Code     0  flsbuf.o(.text)
    setvbuf                                  0x0800097d   Thumb Code    70  setvbuf.o(.text)
    freopen                                  0x080009c5   Thumb Code   158  fopen.o(.text)
    fopen                                    0x08000a63   Thumb Code    74  fopen.o(.text)
    _fclose_internal                         0x08000ab1   Thumb Code    76  fclose.o(.text)
    fclose                                   0x08000ab1   Thumb Code     0  fclose.o(.text)
    exit                                     0x08000afd   Thumb Code    18  exit.o(.text)
    __rt_SIGRTRED                            0x08000b0f   Thumb Code    14  defsig_rtred_outer.o(.text)
    __user_libspace                          0x08000b1d   Thumb Code     8  libspace.o(.text)
    __user_perproc_libspace                  0x08000b1d   Thumb Code     0  libspace.o(.text)
    __user_perthread_libspace                0x08000b1d   Thumb Code     0  libspace.o(.text)
    __I$use$semihosting                      0x08000b25   Thumb Code     0  use_no_semi.o(.text)
    __use_no_semihosting_swi                 0x08000b25   Thumb Code     2  use_no_semi.o(.text)
    __semihosting_library_function           0x08000b27   Thumb Code     0  indicate_semi.o(.text)
    __rt_heap_descriptor                     0x08000b29   Thumb Code     8  rt_heap_descriptor_intlibspace.o(.text)
    __use_no_heap                            0x08000b31   Thumb Code     2  hguard.o(.text)
    __heap$guard                             0x08000b33   Thumb Code     2  hguard.o(.text)
    _terminate_user_alloc                    0x08000b35   Thumb Code     2  init_alloc.o(.text)
    _init_user_alloc                         0x08000b37   Thumb Code     2  init_alloc.o(.text)
    __Heap_Full                              0x08000b39   Thumb Code    34  init_alloc.o(.text)
    __Heap_Broken                            0x08000b5b   Thumb Code     6  init_alloc.o(.text)
    _init_alloc                              0x08000b61   Thumb Code    94  init_alloc.o(.text)
    malloc                                   0x08000bbf   Thumb Code    94  h1_alloc.o(.text)
    _fseek                                   0x08000c1d   Thumb Code   242  fseek.o(.text)
    fseek                                    0x08000c1d   Thumb Code     0  fseek.o(.text)
    _seterr                                  0x08000d15   Thumb Code    20  stdio.o(.text)
    _writebuf                                0x08000d29   Thumb Code    84  stdio.o(.text)
    _fflush                                  0x08000d7d   Thumb Code    70  stdio.o(.text)
    _deferredlazyseek                        0x08000dc3   Thumb Code    60  stdio.o(.text)
    __sig_exit                               0x08000e05   Thumb Code    10  defsig_exit.o(.text)
    __rt_SIGRTRED_inner                      0x08000e11   Thumb Code    14  defsig_rtred_inner.o(.text)
    strlen                                   0x08000e45   Thumb Code    62  strlen.o(.text)
    _sys_exit                                0x08000e85   Thumb Code     8  sys_exit.o(.text)
    __Heap_Initialize                        0x08000e91   Thumb Code    10  h1_init.o(.text)
    __Heap_DescSize                          0x08000e9b   Thumb Code     4  h1_init.o(.text)
    __Heap_ProvideMemory                     0x08000e9f   Thumb Code    52  h1_extend.o(.text)
    _ftell_internal                          0x08000ed3   Thumb Code    66  ftell.o(.text)
    ftell                                    0x08000ed3   Thumb Code     0  ftell.o(.text)
    __default_signal_display                 0x08000f15   Thumb Code    50  defsig_general.o(.text)
    __rt_SIGRTMEM                            0x08000f47   Thumb Code    14  defsig_rtmem_outer.o(.text)
    _ttywrch                                 0x08000f55   Thumb Code    14  sys_wrch.o(.text)
    __aeabi_errno_addr                       0x08000f65   Thumb Code     8  rt_errno_addr_intlibspace.o(.text)
    __errno$intlibspace                      0x08000f65   Thumb Code     0  rt_errno_addr_intlibspace.o(.text)
    __rt_errno_addr$intlibspace              0x08000f65   Thumb Code     0  rt_errno_addr_intlibspace.o(.text)
    __rt_SIGRTMEM_inner                      0x08000f6d   Thumb Code    22  defsig_rtmem_inner.o(.text)
    BusFault_Handler                         0x08000fbd   Thumb Code     2  stm32f1xx_it.o(i.BusFault_Handler)
    DebugMon_Handler                         0x08000fbf   Thumb Code     2  stm32f1xx_it.o(i.DebugMon_Handler)
    Error_Handler                            0x08000fc1   Thumb Code     4  main.o(i.Error_Handler)
    HAL_DMA_Abort_IT                         0x08000fc5   Thumb Code   296  stm32f1xx_hal_dma.o(i.HAL_DMA_Abort_IT)
    HAL_Delay                                0x080010f5   Thumb Code    32  stm32f1xx_hal.o(i.HAL_Delay)
    HAL_GPIO_Init                            0x08001119   Thumb Code   462  stm32f1xx_hal_gpio.o(i.HAL_GPIO_Init)
    HAL_GPIO_ReadPin                         0x08001311   Thumb Code    10  stm32f1xx_hal_gpio.o(i.HAL_GPIO_ReadPin)
    HAL_GetTick                              0x0800131d   Thumb Code     6  stm32f1xx_hal.o(i.HAL_GetTick)
    HAL_IncTick                              0x08001329   Thumb Code    12  stm32f1xx_hal.o(i.HAL_IncTick)
    HAL_Init                                 0x08001339   Thumb Code    32  stm32f1xx_hal.o(i.HAL_Init)
    HAL_InitTick                             0x0800135d   Thumb Code    54  stm32f1xx_hal.o(i.HAL_InitTick)
    HAL_MspInit                              0x0800139d   Thumb Code    52  stm32f1xx_hal_msp.o(i.HAL_MspInit)
    HAL_NVIC_EnableIRQ                       0x080013d9   Thumb Code    26  stm32f1xx_hal_cortex.o(i.HAL_NVIC_EnableIRQ)
    HAL_NVIC_SetPriority                     0x080013f5   Thumb Code    60  stm32f1xx_hal_cortex.o(i.HAL_NVIC_SetPriority)
    HAL_NVIC_SetPriorityGrouping             0x08001435   Thumb Code    26  stm32f1xx_hal_cortex.o(i.HAL_NVIC_SetPriorityGrouping)
    HAL_RCC_CSSCallback                      0x08001459   Thumb Code     2  stm32f1xx_hal_rcc.o(i.HAL_RCC_CSSCallback)
    HAL_RCC_ClockConfig                      0x0800145d   Thumb Code   280  stm32f1xx_hal_rcc.o(i.HAL_RCC_ClockConfig)
    HAL_RCC_EnableCSS                        0x08001589   Thumb Code     8  stm32f1xx_hal_rcc.o(i.HAL_RCC_EnableCSS)
    HAL_RCC_GetPCLK1Freq                     0x08001595   Thumb Code    20  stm32f1xx_hal_rcc.o(i.HAL_RCC_GetPCLK1Freq)
    HAL_RCC_GetPCLK2Freq                     0x080015b5   Thumb Code    20  stm32f1xx_hal_rcc.o(i.HAL_RCC_GetPCLK2Freq)
    HAL_RCC_GetSysClockFreq                  0x080015d5   Thumb Code    74  stm32f1xx_hal_rcc.o(i.HAL_RCC_GetSysClockFreq)
    HAL_RCC_NMI_IRQHandler                   0x08001641   Thumb Code    20  stm32f1xx_hal_rcc.o(i.HAL_RCC_NMI_IRQHandler)
    HAL_RCC_OscConfig                        0x08001659   Thumb Code   778  stm32f1xx_hal_rcc.o(i.HAL_RCC_OscConfig)
    HAL_SYSTICK_Config                       0x08001979   Thumb Code    40  stm32f1xx_hal_cortex.o(i.HAL_SYSTICK_Config)
    HAL_UART_ErrorCallback                   0x080019a1   Thumb Code     2  stm32f1xx_hal_uart.o(i.HAL_UART_ErrorCallback)
    HAL_UART_IRQHandler                      0x080019a5   Thumb Code   266  stm32f1xx_hal_uart.o(i.HAL_UART_IRQHandler)
    HAL_UART_Init                            0x08001ab5   Thumb Code    98  stm32f1xx_hal_uart.o(i.HAL_UART_Init)
    HAL_UART_MspInit                         0x08001b19   Thumb Code   116  usart.o(i.HAL_UART_MspInit)
    HAL_UART_RxCpltCallback                  0x08001b99   Thumb Code     2  stm32f1xx_hal_uart.o(i.HAL_UART_RxCpltCallback)
    HAL_UART_Transmit                        0x08001b9b   Thumb Code   186  stm32f1xx_hal_uart.o(i.HAL_UART_Transmit)
    HAL_UART_TxCpltCallback                  0x08001c55   Thumb Code     2  stm32f1xx_hal_uart.o(i.HAL_UART_TxCpltCallback)
    HardFault_Handler                        0x08001c57   Thumb Code     2  stm32f1xx_it.o(i.HardFault_Handler)
    KeyDebounce                              0x08001c59   Thumb Code    40  main.o(i.KeyDebounce)
    KeyScanFallEdge                          0x08001c81   Thumb Code    22  main.o(i.KeyScanFallEdge)
    KeyStateScan                             0x08001c9d   Thumb Code    36  main.o(i.KeyStateScan)
    MX_GPIO_Init                             0x08001cc9   Thumb Code    94  gpio.o(i.MX_GPIO_Init)
    MX_USART1_UART_Init                      0x08001d35   Thumb Code    48  usart.o(i.MX_USART1_UART_Init)
    MemManage_Handler                        0x08001d6d   Thumb Code     2  stm32f1xx_it.o(i.MemManage_Handler)
    NMI_Handler                              0x08001d6f   Thumb Code     6  stm32f1xx_it.o(i.NMI_Handler)
    PendSV_Handler                           0x08001d75   Thumb Code     2  stm32f1xx_it.o(i.PendSV_Handler)
    SVC_Handler                              0x08001d77   Thumb Code     2  stm32f1xx_it.o(i.SVC_Handler)
    SysTick_Handler                          0x08001d79   Thumb Code     4  stm32f1xx_it.o(i.SysTick_Handler)
    SystemClock_Config                       0x08001d7d   Thumb Code    96  main.o(i.SystemClock_Config)
    SystemInit                               0x08001ddd   Thumb Code    56  system_stm32f1xx.o(i.SystemInit)
    USART1_IRQHandler                        0x08002069   Thumb Code     6  stm32f1xx_it.o(i.USART1_IRQHandler)
    UsageFault_Handler                       0x08002075   Thumb Code     2  stm32f1xx_it.o(i.UsageFault_Handler)
    _putchar                                 0x080028f1   Thumb Code    18  usart.o(i._putchar)
    fputc                                    0x08002dad   Thumb Code    26  fputc.o(i.fputc)
    main                                     0x08002dc9   Thumb Code    40  main.o(i.main)
    printf_                                  0x08002e1d   Thumb Code    28  printf.o(i.printf_)
    __aeabi_dadd                             0x08002e3d   Thumb Code     0  daddsub_clz.o(x$fpl$dadd)
    _dadd                                    0x08002e3d   Thumb Code   332  daddsub_clz.o(x$fpl$dadd)
    __fpl_dcheck_NaN1                        0x08002f8d   Thumb Code    10  dcheck1.o(x$fpl$dcheck1)
    __fpl_dcmp_Inf                           0x08002f9d   Thumb Code    24  dcmpi.o(x$fpl$dcmpinf)
    __aeabi_ddiv                             0x08002fb5   Thumb Code     0  ddiv.o(x$fpl$ddiv)
    _ddiv                                    0x08002fb5   Thumb Code   552  ddiv.o(x$fpl$ddiv)
    __aeabi_cdcmpeq                          0x08003265   Thumb Code     0  deqf.o(x$fpl$deqf)
    _dcmpeq                                  0x08003265   Thumb Code   120  deqf.o(x$fpl$deqf)
    __aeabi_d2iz                             0x080032dd   Thumb Code     0  dfix.o(x$fpl$dfix)
    _dfix                                    0x080032dd   Thumb Code    94  dfix.o(x$fpl$dfix)
    __aeabi_d2uiz                            0x0800333d   Thumb Code     0  dfixu.o(x$fpl$dfixu)
    _dfixu                                   0x0800333d   Thumb Code    90  dfixu.o(x$fpl$dfixu)
    __aeabi_i2d                              0x08003397   Thumb Code     0  dflt_clz.o(x$fpl$dflt)
    _dflt                                    0x08003397   Thumb Code    46  dflt_clz.o(x$fpl$dflt)
    __aeabi_ui2d                             0x080033c5   Thumb Code     0  dflt_clz.o(x$fpl$dfltu)
    _dfltu                                   0x080033c5   Thumb Code    38  dflt_clz.o(x$fpl$dfltu)
    __aeabi_cdcmple                          0x080033ed   Thumb Code     0  dleqf.o(x$fpl$dleqf)
    _dcmple                                  0x080033ed   Thumb Code   120  dleqf.o(x$fpl$dleqf)
    __fpl_dcmple_InfNaN                      0x0800344f   Thumb Code     0  dleqf.o(x$fpl$dleqf)
    __aeabi_dmul                             0x08003465   Thumb Code     0  dmul.o(x$fpl$dmul)
    _dmul                                    0x08003465   Thumb Code   332  dmul.o(x$fpl$dmul)
    __fpl_dnaninf                            0x080035b9   Thumb Code   156  dnaninf.o(x$fpl$dnaninf)
    __fpl_dretinf                            0x08003655   Thumb Code    12  dretinf.o(x$fpl$dretinf)
    __aeabi_cdrcmple                         0x08003661   Thumb Code     0  drleqf.o(x$fpl$drleqf)
    _drcmple                                 0x08003661   Thumb Code   108  drleqf.o(x$fpl$drleqf)
    __aeabi_drsub                            0x080036cd   Thumb Code     0  daddsub_clz.o(x$fpl$drsb)
    _drsb                                    0x080036cd   Thumb Code    22  daddsub_clz.o(x$fpl$drsb)
    __aeabi_dsub                             0x080036e5   Thumb Code     0  daddsub_clz.o(x$fpl$dsub)
    _dsub                                    0x080036e5   Thumb Code   464  daddsub_clz.o(x$fpl$dsub)
    __fpl_return_NaN                         0x080038b9   Thumb Code   100  retnan.o(x$fpl$retnan)
    __ARM_scalbn                             0x0800391d   Thumb Code    92  scalbn.o(x$fpl$scalbn)
    __fpl_cmpreturn                          0x08003979   Thumb Code    48  trapv.o(x$fpl$trapveneer)
    AHBPrescTable                            0x080039a8   Data          16  system_stm32f1xx.o(.constdata)
    __I$use$fp                               0x080039a8   Number         0  usenofp.o(x$fpl$usenofp)
    APBPrescTable                            0x080039b8   Data           8  system_stm32f1xx.o(.constdata)
    __stdin_name                             0x08003a10   Data           4  sys_io.o(.constdata)
    __stdout_name                            0x08003a14   Data           4  sys_io.o(.constdata)
    __stderr_name                            0x08003a18   Data           4  sys_io.o(.constdata)
    Region$$Table$$Base                      0x08003a1c   Number         0  anon$$obj.o(Region$$Table)
    Region$$Table$$Limit                     0x08003a3c   Number         0  anon$$obj.o(Region$$Table)
    uwTickFreq                               0x20000004   Data           1  stm32f1xx_hal.o(.data)
    uwTickPrio                               0x20000008   Data           4  stm32f1xx_hal.o(.data)
    uwTick                                   0x2000000c   Data           4  stm32f1xx_hal.o(.data)
    SystemCoreClock                          0x20000010   Data           4  system_stm32f1xx.o(.data)
    __aeabi_stdin                            0x20000014   Data           4  stdio_streams.o(.data)
    __aeabi_stdout                           0x20000018   Data           4  stdio_streams.o(.data)
    __aeabi_stderr                           0x2000001c   Data           4  stdio_streams.o(.data)
    huart1                                   0x20000020   Data          64  usart.o(.bss)
    __stdin                                  0x20000060   Data          84  stdio_streams.o(.bss)
    __stdout                                 0x200000b4   Data          84  stdio_streams.o(.bss)
    __stderr                                 0x20000108   Data          84  stdio_streams.o(.bss)
    __libspace_start                         0x2000015c   Data          96  libspace.o(.bss)
    __temporary_stack_top$libspace           0x200001bc   Data           0  libspace.o(.bss)



==============================================================================

Memory Map of the image

  Image Entry point : 0x08000131

  Load Region LR_IROM1 (Base: 0x08000000, Size: 0x00003a5c, Max: 0x00080000, ABSOLUTE)

    Execution Region ER_IROM1 (Exec base: 0x08000000, Load base: 0x08000000, Size: 0x00003a3c, Max: 0x00080000, ABSOLUTE)

    Exec Addr    Load Addr    Size         Type   Attr      Idx    E Section Name        Object

    0x08000000   0x08000000   0x00000130   Data   RO            3    RESET               startup_stm32f103xe.o
    0x08000130   0x08000130   0x00000008   Code   RO         1904  * !!!main             c_w.l(__main.o)
    0x08000138   0x08000138   0x00000034   Code   RO         2310    !!!scatter          c_w.l(__scatter.o)
    0x0800016c   0x0800016c   0x0000001a   Code   RO         2312    !!handler_copy      c_w.l(__scatter_copy.o)
    0x08000186   0x08000186   0x00000002   PAD
    0x08000188   0x08000188   0x0000001c   Code   RO         2314    !!handler_zi        c_w.l(__scatter_zi.o)
    0x080001a4   0x080001a4   0x00000000   Code   RO         1899    .ARM.Collect$$_printf_percent$$00000000  c_w.l(_printf_percent.o)
    0x080001a4   0x080001a4   0x00000006   Code   RO         1898    .ARM.Collect$$_printf_percent$$00000009  c_w.l(_printf_d.o)
    0x080001aa   0x080001aa   0x00000004   Code   RO         1949    .ARM.Collect$$_printf_percent$$00000017  c_w.l(_printf_percent_end.o)
    0x080001ae   0x080001ae   0x00000002   Code   RO         2095    .ARM.Collect$$libinit$$00000000  c_w.l(libinit.o)
    0x080001b0   0x080001b0   0x00000000   Code   RO         2097    .ARM.Collect$$libinit$$00000002  c_w.l(libinit2.o)
    0x080001b0   0x080001b0   0x00000000   Code   RO         2099    .ARM.Collect$$libinit$$00000004  c_w.l(libinit2.o)
    0x080001b0   0x080001b0   0x00000008   Code   RO         2100    .ARM.Collect$$libinit$$00000005  c_w.l(libinit2.o)
    0x080001b8   0x080001b8   0x00000000   Code   RO         2102    .ARM.Collect$$libinit$$0000000A  c_w.l(libinit2.o)
    0x080001b8   0x080001b8   0x00000000   Code   RO         2104    .ARM.Collect$$libinit$$0000000C  c_w.l(libinit2.o)
    0x080001b8   0x080001b8   0x00000000   Code   RO         2106    .ARM.Collect$$libinit$$0000000E  c_w.l(libinit2.o)
    0x080001b8   0x080001b8   0x00000000   Code   RO         2109    .ARM.Collect$$libinit$$00000011  c_w.l(libinit2.o)
    0x080001b8   0x080001b8   0x00000000   Code   RO         2111    .ARM.Collect$$libinit$$00000013  c_w.l(libinit2.o)
    0x080001b8   0x080001b8   0x00000000   Code   RO         2113    .ARM.Collect$$libinit$$00000015  c_w.l(libinit2.o)
    0x080001b8   0x080001b8   0x00000000   Code   RO         2115    .ARM.Collect$$libinit$$00000017  c_w.l(libinit2.o)
    0x080001b8   0x080001b8   0x00000000   Code   RO         2117    .ARM.Collect$$libinit$$00000019  c_w.l(libinit2.o)
    0x080001b8   0x080001b8   0x00000000   Code   RO         2119    .ARM.Collect$$libinit$$0000001B  c_w.l(libinit2.o)
    0x080001b8   0x080001b8   0x00000000   Code   RO         2121    .ARM.Collect$$libinit$$0000001D  c_w.l(libinit2.o)
    0x080001b8   0x080001b8   0x00000000   Code   RO         2123    .ARM.Collect$$libinit$$0000001F  c_w.l(libinit2.o)
    0x080001b8   0x080001b8   0x00000000   Code   RO         2125    .ARM.Collect$$libinit$$00000021  c_w.l(libinit2.o)
    0x080001b8   0x080001b8   0x00000000   Code   RO         2127    .ARM.Collect$$libinit$$00000023  c_w.l(libinit2.o)
    0x080001b8   0x080001b8   0x00000004   Code   RO         2128    .ARM.Collect$$libinit$$00000024  c_w.l(libinit2.o)
    0x080001bc   0x080001bc   0x00000000   Code   RO         2129    .ARM.Collect$$libinit$$00000025  c_w.l(libinit2.o)
    0x080001bc   0x080001bc   0x00000000   Code   RO         2133    .ARM.Collect$$libinit$$0000002C  c_w.l(libinit2.o)
    0x080001bc   0x080001bc   0x00000000   Code   RO         2135    .ARM.Collect$$libinit$$0000002E  c_w.l(libinit2.o)
    0x080001bc   0x080001bc   0x00000000   Code   RO         2137    .ARM.Collect$$libinit$$00000030  c_w.l(libinit2.o)
    0x080001bc   0x080001bc   0x00000000   Code   RO         2139    .ARM.Collect$$libinit$$00000032  c_w.l(libinit2.o)
    0x080001bc   0x080001bc   0x00000002   Code   RO         2140    .ARM.Collect$$libinit$$00000033  c_w.l(libinit2.o)
    0x080001be   0x080001be   0x00000002   Code   RO         2291    .ARM.Collect$$libshutdown$$00000000  c_w.l(libshutdown.o)
    0x080001c0   0x080001c0   0x00000000   Code   RO         2142    .ARM.Collect$$libshutdown$$00000002  c_w.l(libshutdown2.o)
    0x080001c0   0x080001c0   0x00000004   Code   RO         2143    .ARM.Collect$$libshutdown$$00000003  c_w.l(libshutdown2.o)
    0x080001c4   0x080001c4   0x00000000   Code   RO         2144    .ARM.Collect$$libshutdown$$00000004  c_w.l(libshutdown2.o)
    0x080001c4   0x080001c4   0x00000000   Code   RO         2147    .ARM.Collect$$libshutdown$$00000007  c_w.l(libshutdown2.o)
    0x080001c4   0x080001c4   0x00000000   Code   RO         2150    .ARM.Collect$$libshutdown$$0000000A  c_w.l(libshutdown2.o)
    0x080001c4   0x080001c4   0x00000000   Code   RO         2152    .ARM.Collect$$libshutdown$$0000000C  c_w.l(libshutdown2.o)
    0x080001c4   0x080001c4   0x00000000   Code   RO         2155    .ARM.Collect$$libshutdown$$0000000F  c_w.l(libshutdown2.o)
    0x080001c4   0x080001c4   0x00000002   Code   RO         2156    .ARM.Collect$$libshutdown$$00000010  c_w.l(libshutdown2.o)
    0x080001c6   0x080001c6   0x00000000   Code   RO         1940    .ARM.Collect$$rtentry$$00000000  c_w.l(__rtentry.o)
    0x080001c6   0x080001c6   0x00000000   Code   RO         1966    .ARM.Collect$$rtentry$$00000002  c_w.l(__rtentry2.o)
    0x080001c6   0x080001c6   0x00000006   Code   RO         1978    .ARM.Collect$$rtentry$$00000004  c_w.l(__rtentry4.o)
    0x080001cc   0x080001cc   0x00000000   Code   RO         1968    .ARM.Collect$$rtentry$$00000009  c_w.l(__rtentry2.o)
    0x080001cc   0x080001cc   0x00000004   Code   RO         1969    .ARM.Collect$$rtentry$$0000000A  c_w.l(__rtentry2.o)
    0x080001d0   0x080001d0   0x00000000   Code   RO         1971    .ARM.Collect$$rtentry$$0000000C  c_w.l(__rtentry2.o)
    0x080001d0   0x080001d0   0x00000008   Code   RO         1972    .ARM.Collect$$rtentry$$0000000D  c_w.l(__rtentry2.o)
    0x080001d8   0x080001d8   0x00000002   Code   RO         2167    .ARM.Collect$$rtexit$$00000000  c_w.l(rtexit.o)
    0x080001da   0x080001da   0x00000000   Code   RO         2227    .ARM.Collect$$rtexit$$00000002  c_w.l(rtexit2.o)
    0x080001da   0x080001da   0x00000004   Code   RO         2228    .ARM.Collect$$rtexit$$00000003  c_w.l(rtexit2.o)
    0x080001de   0x080001de   0x00000006   Code   RO         2229    .ARM.Collect$$rtexit$$00000004  c_w.l(rtexit2.o)
    0x080001e4   0x080001e4   0x00000000   Code   RO         2233    .emb_text           c_w.l(maybetermalloc1.o)
    0x080001e4   0x080001e4   0x00000040   Code   RO            4    .text               startup_stm32f103xe.o
    0x08000224   0x08000224   0x000000ee   Code   RO         1866    .text               c_w.l(lludivv7m.o)
    0x08000312   0x08000312   0x00000002   PAD
    0x08000314   0x08000314   0x00000018   Code   RO         1872    .text               c_w.l(noretval__2printf.o)
    0x0800032c   0x0800032c   0x00000068   Code   RO         1874    .text               c_w.l(__printf.o)
    0x08000394   0x08000394   0x00000078   Code   RO         1876    .text               c_w.l(_printf_dec.o)
    0x0800040c   0x0800040c   0x0000004e   Code   RO         1900    .text               c_w.l(rt_memclr_w.o)
    0x0800045a   0x0800045a   0x00000006   Code   RO         1902    .text               c_w.l(heapauxi.o)
    0x08000460   0x08000460   0x000000b2   Code   RO         1945    .text               c_w.l(_printf_intcommon.o)
    0x08000512   0x08000512   0x00000002   PAD
    0x08000514   0x08000514   0x00000024   Code   RO         1947    .text               c_w.l(_printf_char_file.o)
    0x08000538   0x08000538   0x00000030   Code   RO         1982    .text               c_w.l(_printf_char_common.o)
    0x08000568   0x08000568   0x00000008   Code   RO         1984    .text               c_w.l(ferror.o)
    0x08000570   0x08000570   0x00000138   Code   RO         1990    .text               c_w.l(initio.o)
    0x080006a8   0x080006a8   0x00000066   Code   RO         2000    .text               c_w.l(sys_io.o)
    0x0800070e   0x0800070e   0x0000004a   Code   RO         2007    .text               c_w.l(sys_stackheap_outer.o)
    0x08000758   0x08000758   0x0000004e   Code   RO         2011    .text               c_w.l(h1_free.o)
    0x080007a6   0x080007a6   0x000001d6   Code   RO         2067    .text               c_w.l(flsbuf.o)
    0x0800097c   0x0800097c   0x00000046   Code   RO         2069    .text               c_w.l(setvbuf.o)
    0x080009c2   0x080009c2   0x00000002   PAD
    0x080009c4   0x080009c4   0x000000ec   Code   RO         2072    .text               c_w.l(fopen.o)
    0x08000ab0   0x08000ab0   0x0000004c   Code   RO         2074    .text               c_w.l(fclose.o)
    0x08000afc   0x08000afc   0x00000012   Code   RO         2080    .text               c_w.l(exit.o)
    0x08000b0e   0x08000b0e   0x0000000e   Code   RO         2086    .text               c_w.l(defsig_rtred_outer.o)
    0x08000b1c   0x08000b1c   0x00000008   Code   RO         2161    .text               c_w.l(libspace.o)
    0x08000b24   0x08000b24   0x00000002   Code   RO         2164    .text               c_w.l(use_no_semi.o)
    0x08000b26   0x08000b26   0x00000000   Code   RO         2166    .text               c_w.l(indicate_semi.o)
    0x08000b26   0x08000b26   0x00000002   PAD
    0x08000b28   0x08000b28   0x00000008   Code   RO         2174    .text               c_w.l(rt_heap_descriptor_intlibspace.o)
    0x08000b30   0x08000b30   0x00000004   Code   RO         2176    .text               c_w.l(hguard.o)
    0x08000b34   0x08000b34   0x0000008a   Code   RO         2178    .text               c_w.l(init_alloc.o)
    0x08000bbe   0x08000bbe   0x0000005e   Code   RO         2184    .text               c_w.l(h1_alloc.o)
    0x08000c1c   0x08000c1c   0x000000f8   Code   RO         2200    .text               c_w.l(fseek.o)
    0x08000d14   0x08000d14   0x000000f0   Code   RO         2202    .text               c_w.l(stdio.o)
    0x08000e04   0x08000e04   0x0000000a   Code   RO         2208    .text               c_w.l(defsig_exit.o)
    0x08000e0e   0x08000e0e   0x00000002   PAD
    0x08000e10   0x08000e10   0x00000034   Code   RO         2212    .text               c_w.l(defsig_rtred_inner.o)
    0x08000e44   0x08000e44   0x0000003e   Code   RO         2216    .text               c_w.l(strlen.o)
    0x08000e82   0x08000e82   0x00000002   PAD
    0x08000e84   0x08000e84   0x0000000c   Code   RO         2224    .text               c_w.l(sys_exit.o)
    0x08000e90   0x08000e90   0x0000000e   Code   RO         2235    .text               c_w.l(h1_init.o)
    0x08000e9e   0x08000e9e   0x00000034   Code   RO         2237    .text               c_w.l(h1_extend.o)
    0x08000ed2   0x08000ed2   0x00000042   Code   RO         2247    .text               c_w.l(ftell.o)
    0x08000f14   0x08000f14   0x00000032   Code   RO         2255    .text               c_w.l(defsig_general.o)
    0x08000f46   0x08000f46   0x0000000e   Code   RO         2257    .text               c_w.l(defsig_rtmem_outer.o)
    0x08000f54   0x08000f54   0x0000000e   Code   RO         2272    .text               c_w.l(sys_wrch.o)
    0x08000f62   0x08000f62   0x00000002   PAD
    0x08000f64   0x08000f64   0x00000008   Code   RO         2279    .text               c_w.l(rt_errno_addr_intlibspace.o)
    0x08000f6c   0x08000f6c   0x00000050   Code   RO         2285    .text               c_w.l(defsig_rtmem_inner.o)
    0x08000fbc   0x08000fbc   0x00000002   Code   RO          233    i.BusFault_Handler  stm32f1xx_it.o
    0x08000fbe   0x08000fbe   0x00000002   Code   RO          234    i.DebugMon_Handler  stm32f1xx_it.o
    0x08000fc0   0x08000fc0   0x00000004   Code   RO           13    i.Error_Handler     main.o
    0x08000fc4   0x08000fc4   0x00000130   Code   RO         1117    i.HAL_DMA_Abort_IT  stm32f1xx_hal_dma.o
    0x080010f4   0x080010f4   0x00000024   Code   RO          744    i.HAL_Delay         stm32f1xx_hal.o
    0x08001118   0x08001118   0x000001f8   Code   RO         1052    i.HAL_GPIO_Init     stm32f1xx_hal_gpio.o
    0x08001310   0x08001310   0x0000000a   Code   RO         1054    i.HAL_GPIO_ReadPin  stm32f1xx_hal_gpio.o
    0x0800131a   0x0800131a   0x00000002   PAD
    0x0800131c   0x0800131c   0x0000000c   Code   RO          748    i.HAL_GetTick       stm32f1xx_hal.o
    0x08001328   0x08001328   0x00000010   Code   RO          754    i.HAL_IncTick       stm32f1xx_hal.o
    0x08001338   0x08001338   0x00000024   Code   RO          755    i.HAL_Init          stm32f1xx_hal.o
    0x0800135c   0x0800135c   0x00000040   Code   RO          756    i.HAL_InitTick      stm32f1xx_hal.o
    0x0800139c   0x0800139c   0x0000003c   Code   RO          315    i.HAL_MspInit       stm32f1xx_hal_msp.o
    0x080013d8   0x080013d8   0x0000001a   Code   RO         1212    i.HAL_NVIC_EnableIRQ  stm32f1xx_hal_cortex.o
    0x080013f2   0x080013f2   0x00000002   PAD
    0x080013f4   0x080013f4   0x00000040   Code   RO         1218    i.HAL_NVIC_SetPriority  stm32f1xx_hal_cortex.o
    0x08001434   0x08001434   0x00000024   Code   RO         1219    i.HAL_NVIC_SetPriorityGrouping  stm32f1xx_hal_cortex.o
    0x08001458   0x08001458   0x00000002   Code   RO          911    i.HAL_RCC_CSSCallback  stm32f1xx_hal_rcc.o
    0x0800145a   0x0800145a   0x00000002   PAD
    0x0800145c   0x0800145c   0x0000012c   Code   RO          912    i.HAL_RCC_ClockConfig  stm32f1xx_hal_rcc.o
    0x08001588   0x08001588   0x0000000c   Code   RO          915    i.HAL_RCC_EnableCSS  stm32f1xx_hal_rcc.o
    0x08001594   0x08001594   0x00000020   Code   RO          919    i.HAL_RCC_GetPCLK1Freq  stm32f1xx_hal_rcc.o
    0x080015b4   0x080015b4   0x00000020   Code   RO          920    i.HAL_RCC_GetPCLK2Freq  stm32f1xx_hal_rcc.o
    0x080015d4   0x080015d4   0x0000006c   Code   RO          921    i.HAL_RCC_GetSysClockFreq  stm32f1xx_hal_rcc.o
    0x08001640   0x08001640   0x00000018   Code   RO          923    i.HAL_RCC_NMI_IRQHandler  stm32f1xx_hal_rcc.o
    0x08001658   0x08001658   0x00000320   Code   RO          924    i.HAL_RCC_OscConfig  stm32f1xx_hal_rcc.o
    0x08001978   0x08001978   0x00000028   Code   RO         1223    i.HAL_SYSTICK_Config  stm32f1xx_hal_cortex.o
    0x080019a0   0x080019a0   0x00000002   Code   RO          432    i.HAL_UART_ErrorCallback  stm32f1xx_hal_uart.o
    0x080019a2   0x080019a2   0x00000002   PAD
    0x080019a4   0x080019a4   0x00000110   Code   RO          435    i.HAL_UART_IRQHandler  stm32f1xx_hal_uart.o
    0x08001ab4   0x08001ab4   0x00000062   Code   RO          436    i.HAL_UART_Init     stm32f1xx_hal_uart.o
    0x08001b16   0x08001b16   0x00000002   PAD
    0x08001b18   0x08001b18   0x00000080   Code   RO          186    i.HAL_UART_MspInit  usart.o
    0x08001b98   0x08001b98   0x00000002   Code   RO          442    i.HAL_UART_RxCpltCallback  stm32f1xx_hal_uart.o
    0x08001b9a   0x08001b9a   0x000000ba   Code   RO          444    i.HAL_UART_Transmit  stm32f1xx_hal_uart.o
    0x08001c54   0x08001c54   0x00000002   Code   RO          447    i.HAL_UART_TxCpltCallback  stm32f1xx_hal_uart.o
    0x08001c56   0x08001c56   0x00000002   Code   RO          235    i.HardFault_Handler  stm32f1xx_it.o
    0x08001c58   0x08001c58   0x00000028   Code   RO           14    i.KeyDebounce       main.o
    0x08001c80   0x08001c80   0x0000001c   Code   RO           15    i.KeyScanFallEdge   main.o
    0x08001c9c   0x08001c9c   0x0000002c   Code   RO           16    i.KeyStateScan      main.o
    0x08001cc8   0x08001cc8   0x0000006c   Code   RO          161    i.MX_GPIO_Init      gpio.o
    0x08001d34   0x08001d34   0x00000038   Code   RO          187    i.MX_USART1_UART_Init  usart.o
    0x08001d6c   0x08001d6c   0x00000002   Code   RO          236    i.MemManage_Handler  stm32f1xx_it.o
    0x08001d6e   0x08001d6e   0x00000006   Code   RO          237    i.NMI_Handler       stm32f1xx_it.o
    0x08001d74   0x08001d74   0x00000002   Code   RO          238    i.PendSV_Handler    stm32f1xx_it.o
    0x08001d76   0x08001d76   0x00000002   Code   RO          239    i.SVC_Handler       stm32f1xx_it.o
    0x08001d78   0x08001d78   0x00000004   Code   RO          240    i.SysTick_Handler   stm32f1xx_it.o
    0x08001d7c   0x08001d7c   0x00000060   Code   RO           17    i.SystemClock_Config  main.o
    0x08001ddc   0x08001ddc   0x00000048   Code   RO         1713    i.SystemInit        system_stm32f1xx.o
    0x08001e24   0x08001e24   0x00000010   Code   RO          449    i.UART_DMAAbortOnError  stm32f1xx_hal_uart.o
    0x08001e34   0x08001e34   0x0000001c   Code   RO          459    i.UART_EndRxTransfer  stm32f1xx_hal_uart.o
    0x08001e50   0x08001e50   0x00000096   Code   RO          461    i.UART_Receive_IT   stm32f1xx_hal_uart.o
    0x08001ee6   0x08001ee6   0x00000002   PAD
    0x08001ee8   0x08001ee8   0x000000b8   Code   RO          462    i.UART_SetConfig    stm32f1xx_hal_uart.o
    0x08001fa0   0x08001fa0   0x00000062   Code   RO          463    i.UART_Transmit_IT  stm32f1xx_hal_uart.o
    0x08002002   0x08002002   0x00000064   Code   RO          464    i.UART_WaitOnFlagUntilTimeout  stm32f1xx_hal_uart.o
    0x08002066   0x08002066   0x00000002   PAD
    0x08002068   0x08002068   0x0000000c   Code   RO          241    i.USART1_IRQHandler  stm32f1xx_it.o
    0x08002074   0x08002074   0x00000002   Code   RO          242    i.UsageFault_Handler  stm32f1xx_it.o
    0x08002076   0x08002076   0x00000020   Code   RO         1225    i.__NVIC_SetPriority  stm32f1xx_hal_cortex.o
    0x08002096   0x08002096   0x0000002e   Code   RO         1747    i._atoi             printf.o
    0x080020c4   0x080020c4   0x00000330   Code   RO         1748    i._etoa             printf.o
    0x080023f4   0x080023f4   0x00000290   Code   RO         1749    i._ftoa             printf.o
    0x08002684   0x08002684   0x0000000e   Code   RO         1750    i._is_digit         printf.o
    0x08002692   0x08002692   0x000000e4   Code   RO         1751    i._ntoa_format      printf.o
    0x08002776   0x08002776   0x00000080   Code   RO         1752    i._ntoa_long        printf.o
    0x080027f6   0x080027f6   0x00000080   Code   RO         1753    i._ntoa_long_long   printf.o
    0x08002876   0x08002876   0x0000000a   Code   RO         1755    i._out_char         printf.o
    0x08002880   0x08002880   0x00000002   Code   RO         1757    i._out_null         printf.o
    0x08002882   0x08002882   0x0000006c   Code   RO         1758    i._out_rev          printf.o
    0x080028ee   0x080028ee   0x00000002   PAD
    0x080028f0   0x080028f0   0x00000018   Code   RO          188    i._putchar          usart.o
    0x08002908   0x08002908   0x000004a4   Code   RO         1759    i._vsnprintf        printf.o
    0x08002dac   0x08002dac   0x0000001a   Code   RO         1987    i.fputc             c_w.l(fputc.o)
    0x08002dc6   0x08002dc6   0x00000002   PAD
    0x08002dc8   0x08002dc8   0x00000054   Code   RO           18    i.main              main.o
    0x08002e1c   0x08002e1c   0x00000020   Code   RO         1761    i.printf_           printf.o
    0x08002e3c   0x08002e3c   0x00000150   Code   RO         1906    x$fpl$dadd          fz_ws.l(daddsub_clz.o)
    0x08002f8c   0x08002f8c   0x00000010   Code   RO         1956    x$fpl$dcheck1       fz_ws.l(dcheck1.o)
    0x08002f9c   0x08002f9c   0x00000018   Code   RO         1958    x$fpl$dcmpinf       fz_ws.l(dcmpi.o)
    0x08002fb4   0x08002fb4   0x000002b0   Code   RO         1913    x$fpl$ddiv          fz_ws.l(ddiv.o)
    0x08003264   0x08003264   0x00000078   Code   RO         1916    x$fpl$deqf          fz_ws.l(deqf.o)
    0x080032dc   0x080032dc   0x0000005e   Code   RO         1918    x$fpl$dfix          fz_ws.l(dfix.o)
    0x0800333a   0x0800333a   0x00000002   PAD
    0x0800333c   0x0800333c   0x0000005a   Code   RO         1922    x$fpl$dfixu         fz_ws.l(dfixu.o)
    0x08003396   0x08003396   0x0000002e   Code   RO         1927    x$fpl$dflt          fz_ws.l(dflt_clz.o)
    0x080033c4   0x080033c4   0x00000026   Code   RO         1926    x$fpl$dfltu         fz_ws.l(dflt_clz.o)
    0x080033ea   0x080033ea   0x00000002   PAD
    0x080033ec   0x080033ec   0x00000078   Code   RO         1932    x$fpl$dleqf         fz_ws.l(dleqf.o)
    0x08003464   0x08003464   0x00000154   Code   RO         1934    x$fpl$dmul          fz_ws.l(dmul.o)
    0x080035b8   0x080035b8   0x0000009c   Code   RO         1960    x$fpl$dnaninf       fz_ws.l(dnaninf.o)
    0x08003654   0x08003654   0x0000000c   Code   RO         1962    x$fpl$dretinf       fz_ws.l(dretinf.o)
    0x08003660   0x08003660   0x0000006c   Code   RO         1936    x$fpl$drleqf        fz_ws.l(drleqf.o)
    0x080036cc   0x080036cc   0x00000016   Code   RO         1907    x$fpl$drsb          fz_ws.l(daddsub_clz.o)
    0x080036e2   0x080036e2   0x00000002   PAD
    0x080036e4   0x080036e4   0x000001d4   Code   RO         1908    x$fpl$dsub          fz_ws.l(daddsub_clz.o)
    0x080038b8   0x080038b8   0x00000064   Code   RO         1998    x$fpl$retnan        fz_ws.l(retnan.o)
    0x0800391c   0x0800391c   0x0000005c   Code   RO         1938    x$fpl$scalbn        fz_ws.l(scalbn.o)
    0x08003978   0x08003978   0x00000030   Code   RO         2159    x$fpl$trapveneer    fz_ws.l(trapv.o)
    0x080039a8   0x080039a8   0x00000000   Code   RO         1964    x$fpl$usenofp       fz_ws.l(usenofp.o)
    0x080039a8   0x080039a8   0x00000010   Data   RO         1714    .constdata          system_stm32f1xx.o
    0x080039b8   0x080039b8   0x00000008   Data   RO         1715    .constdata          system_stm32f1xx.o
    0x080039c0   0x080039c0   0x00000050   Data   RO         1766    .constdata          printf.o
    0x08003a10   0x08003a10   0x00000004   Data   RO         2001    .constdata          c_w.l(sys_io.o)
    0x08003a14   0x08003a14   0x00000004   Data   RO         2002    .constdata          c_w.l(sys_io.o)
    0x08003a18   0x08003a18   0x00000004   Data   RO         2003    .constdata          c_w.l(sys_io.o)
    0x08003a1c   0x08003a1c   0x00000020   Data   RO         2308    Region$$Table       anon$$obj.o


    Execution Region RW_IRAM1 (Exec base: 0x20000000, Load base: 0x08003a3c, Size: 0x000007c0, Max: 0x00010000, ABSOLUTE)

    Exec Addr    Load Addr    Size         Type   Attr      Idx    E Section Name        Object

    0x20000000   0x08003a3c   0x00000001   Data   RW           19    .data               main.o
    0x20000001   0x08003a3d   0x00000003   PAD
    0x20000004   0x08003a40   0x0000000c   Data   RW          762    .data               stm32f1xx_hal.o
    0x20000010   0x08003a4c   0x00000004   Data   RW         1716    .data               system_stm32f1xx.o
    0x20000014   0x08003a50   0x00000004   Data   RW         1953    .data               c_w.l(stdio_streams.o)
    0x20000018   0x08003a54   0x00000004   Data   RW         1954    .data               c_w.l(stdio_streams.o)
    0x2000001c   0x08003a58   0x00000004   Data   RW         1955    .data               c_w.l(stdio_streams.o)
    0x20000020        -       0x00000040   Zero   RW          189    .bss                usart.o
    0x20000060        -       0x00000054   Zero   RW         1950    .bss                c_w.l(stdio_streams.o)
    0x200000b4        -       0x00000054   Zero   RW         1951    .bss                c_w.l(stdio_streams.o)
    0x20000108        -       0x00000054   Zero   RW         1952    .bss                c_w.l(stdio_streams.o)
    0x2000015c        -       0x00000060   Zero   RW         2162    .bss                c_w.l(libspace.o)
    0x200001bc   0x08003a5c   0x00000004   PAD
    0x200001c0        -       0x00000200   Zero   RW            2    HEAP                startup_stm32f103xe.o
    0x200003c0        -       0x00000400   Zero   RW            1    STACK               startup_stm32f103xe.o


==============================================================================

Image component sizes


      Code (inc. data)   RO Data    RW Data    ZI Data      Debug   Object Name

       108         14          0          0          0        863   gpio.o
       296         58          0          1          0     456629   main.o
      3356        140         80          0          0      15454   printf.o
        64         26        304          0       1536        788   startup_stm32f103xe.o
       164         28          0         12          0       6325   stm32f1xx_hal.o
       198         14          0          0          0      28803   stm32f1xx_hal_cortex.o
       304          8          0          0          0       1119   stm32f1xx_hal_dma.o
       514         42          0          0          0       2835   stm32f1xx_hal_gpio.o
        60          8          0          0          0        826   stm32f1xx_hal_msp.o
      1310        108          0          0          0       6523   stm32f1xx_hal_rcc.o
      1138         12          0          0          0       8775   stm32f1xx_hal_uart.o
        36          6          0          0          0       4082   stm32f1xx_it.o
        72         16         24          4          0       1111   system_stm32f1xx.o
       208         26          0          0         64       2161   usart.o

    ----------------------------------------------------------------------
      7844        506        440         20       1600     536294   Object Totals
         0          0         32          0          0          0   (incl. Generated)
        16          0          0          3          0          0   (incl. Padding)

    ----------------------------------------------------------------------

      Code (inc. data)   RO Data    RW Data    ZI Data      Debug   Library Member Name

         8          0          0          0          0         68   __main.o
       104          0          0          0          0         84   __printf.o
         0          0          0          0          0          0   __rtentry.o
        12          0          0          0          0          0   __rtentry2.o
         6          0          0          0          0          0   __rtentry4.o
        52          8          0          0          0          0   __scatter.o
        26          0          0          0          0          0   __scatter_copy.o
        28          0          0          0          0          0   __scatter_zi.o
        48          6          0          0          0         96   _printf_char_common.o
        36          4          0          0          0         80   _printf_char_file.o
         6          0          0          0          0          0   _printf_d.o
       120         16          0          0          0         92   _printf_dec.o
       178          0          0          0          0         88   _printf_intcommon.o
         0          0          0          0          0          0   _printf_percent.o
         4          0          0          0          0          0   _printf_percent_end.o
        10          0          0          0          0         68   defsig_exit.o
        50          0          0          0          0         88   defsig_general.o
        80         58          0          0          0         76   defsig_rtmem_inner.o
        14          0          0          0          0         80   defsig_rtmem_outer.o
        52         38          0          0          0         76   defsig_rtred_inner.o
        14          0          0          0          0         80   defsig_rtred_outer.o
        18          0          0          0          0         80   exit.o
        76          0          0          0          0         88   fclose.o
         8          0          0          0          0         68   ferror.o
       470          0          0          0          0         88   flsbuf.o
       236          4          0          0          0        128   fopen.o
        26          0          0          0          0         68   fputc.o
       248          6          0          0          0         84   fseek.o
        66          0          0          0          0         76   ftell.o
        94          0          0          0          0         80   h1_alloc.o
        52          0          0          0          0         68   h1_extend.o
        78          0          0          0          0         80   h1_free.o
        14          0          0          0          0         84   h1_init.o
         6          0          0          0          0        152   heapauxi.o
         4          0          0          0          0        136   hguard.o
         0          0          0          0          0          0   indicate_semi.o
       138          0          0          0          0        168   init_alloc.o
       312         46          0          0          0        112   initio.o
         2          0          0          0          0          0   libinit.o
        14          0          0          0          0          0   libinit2.o
         2          0          0          0          0          0   libshutdown.o
         6          0          0          0          0          0   libshutdown2.o
         8          4          0          0         96         68   libspace.o
       238          0          0          0          0        100   lludivv7m.o
         0          0          0          0          0          0   maybetermalloc1.o
        24          4          0          0          0         84   noretval__2printf.o
         8          4          0          0          0         68   rt_errno_addr_intlibspace.o
         8          4          0          0          0         68   rt_heap_descriptor_intlibspace.o
        78          0          0          0          0         80   rt_memclr_w.o
         2          0          0          0          0          0   rtexit.o
        10          0          0          0          0          0   rtexit2.o
        70          0          0          0          0         80   setvbuf.o
       240          6          0          0          0        156   stdio.o
         0          0          0         12        252          0   stdio_streams.o
        62          0          0          0          0         76   strlen.o
        12          4          0          0          0         68   sys_exit.o
       102          0         12          0          0        240   sys_io.o
        74          0          0          0          0         80   sys_stackheap_outer.o
        14          0          0          0          0         76   sys_wrch.o
         2          0          0          0          0         68   use_no_semi.o
       826         16          0          0          0        348   daddsub_clz.o
        16          4          0          0          0         68   dcheck1.o
        24          0          0          0          0         68   dcmpi.o
       688        140          0          0          0        208   ddiv.o
       120          4          0          0          0         92   deqf.o
        94          4          0          0          0         92   dfix.o
        90          4          0          0          0         92   dfixu.o
        84          0          0          0          0        136   dflt_clz.o
       120          4          0          0          0         92   dleqf.o
       340         12          0          0          0        104   dmul.o
       156          4          0          0          0         92   dnaninf.o
        12          0          0          0          0         68   dretinf.o
       108          0          0          0          0         80   drleqf.o
       100          0          0          0          0         68   retnan.o
        92          0          0          0          0         68   scalbn.o
        48          0          0          0          0         68   trapv.o
         0          0          0          0          0          0   usenofp.o

    ----------------------------------------------------------------------
      6612        404         12         12        352       5592   Library Totals
        24          0          0          0          4          0   (incl. Padding)

    ----------------------------------------------------------------------

      Code (inc. data)   RO Data    RW Data    ZI Data      Debug   Library Name

      3670        212         12         12        348       3848   c_w.l
      2918        192          0          0          0       1744   fz_ws.l

    ----------------------------------------------------------------------
      6612        404         12         12        352       5592   Library Totals

    ----------------------------------------------------------------------

==============================================================================


      Code (inc. data)   RO Data    RW Data    ZI Data      Debug   

     14456        910        452         32       1952     535642   Grand Totals
     14456        910        452         32       1952     535642   ELF Image Totals
     14456        910        452         32          0          0   ROM Totals

==============================================================================

    Total RO  Size (Code + RO Data)                14908 (  14.56kB)
    Total RW  Size (RW Data + ZI Data)              1984 (   1.94kB)
    Total ROM Size (Code + RO Data + RW Data)      14940 (  14.59kB)

==============================================================================

